<?xml version="1.0" encoding="ISO-8859-1" ?>
<link_info>
   <banner>MSP430 Linker PC v21.6.1.LTS</banner>
   <copyright>Copyright (c) 2003-2018 Texas Instruments Incorporated</copyright>
   <link_time>0x6465343b</link_time>
   <link_errors>0x0</link_errors>
   <output_file>SPI_FR.out</output_file>
   <entry_point>
      <name>_c_int00_noargs</name>
      <address>0xd6d6</address>
   </entry_point>
   <input_file_list>
      <input_file id="fl-2">
         <path>.\</path>
         <kind>object</kind>
         <file>PMODALS_setup.obj</file>
         <name>PMODALS_setup.obj</name>
      </input_file>
      <input_file id="fl-3">
         <path>.\</path>
         <kind>object</kind>
         <file>main.obj</file>
         <name>main.obj</name>
      </input_file>
      <input_file id="fl-9">
         <kind>object</kind>
         <file>&lt;internal&gt;</file>
         <name>&lt;internal&gt;</name>
      </input_file>
      <input_file id="fl-24">
         <path>C:\ti\ccs1230\ccs\tools\compiler\ti-cgt-msp430_21.6.1.LTS\lib\</path>
         <kind>archive</kind>
         <file>rts430x_lc_sd_eabi.lib</file>
         <name>printf.c.obj</name>
      </input_file>
      <input_file id="fl-25">
         <path>C:\ti\ccs1230\ccs\tools\compiler\ti-cgt-msp430_21.6.1.LTS\lib\</path>
         <kind>archive</kind>
         <file>rts430x_lc_sd_eabi.lib</file>
         <name>_printfi.c.obj</name>
      </input_file>
      <input_file id="fl-26">
         <path>C:\ti\ccs1230\ccs\tools\compiler\ti-cgt-msp430_21.6.1.LTS\lib\</path>
         <kind>archive</kind>
         <file>rts430x_lc_sd_eabi.lib</file>
         <name>sprintf.c.obj</name>
      </input_file>
      <input_file id="fl-27">
         <path>C:\ti\ccs1230\ccs\tools\compiler\ti-cgt-msp430_21.6.1.LTS\lib\</path>
         <kind>archive</kind>
         <file>rts430x_lc_sd_eabi.lib</file>
         <name>fputc.c.obj</name>
      </input_file>
      <input_file id="fl-28">
         <path>C:\ti\ccs1230\ccs\tools\compiler\ti-cgt-msp430_21.6.1.LTS\lib\</path>
         <kind>archive</kind>
         <file>rts430x_lc_sd_eabi.lib</file>
         <name>fputs.c.obj</name>
      </input_file>
      <input_file id="fl-29">
         <path>C:\ti\ccs1230\ccs\tools\compiler\ti-cgt-msp430_21.6.1.LTS\lib\</path>
         <kind>archive</kind>
         <file>rts430x_lc_sd_eabi.lib</file>
         <name>_io_perm.c.obj</name>
      </input_file>
      <input_file id="fl-2a">
         <path>C:\ti\ccs1230\ccs\tools\compiler\ti-cgt-msp430_21.6.1.LTS\lib\</path>
         <kind>archive</kind>
         <file>rts430x_lc_sd_eabi.lib</file>
         <name>setvbuf.c.obj</name>
      </input_file>
      <input_file id="fl-2b">
         <path>C:\ti\ccs1230\ccs\tools\compiler\ti-cgt-msp430_21.6.1.LTS\lib\</path>
         <kind>archive</kind>
         <file>rts430x_lc_sd_eabi.lib</file>
         <name>s_frexp.c.obj</name>
      </input_file>
      <input_file id="fl-2c">
         <path>C:\ti\ccs1230\ccs\tools\compiler\ti-cgt-msp430_21.6.1.LTS\lib\</path>
         <kind>archive</kind>
         <file>rts430x_lc_sd_eabi.lib</file>
         <name>s_scalbn.c.obj</name>
      </input_file>
      <input_file id="fl-2d">
         <path>C:\ti\ccs1230\ccs\tools\compiler\ti-cgt-msp430_21.6.1.LTS\lib\</path>
         <kind>archive</kind>
         <file>rts430x_lc_sd_eabi.lib</file>
         <name>s_copysign.c.obj</name>
      </input_file>
      <input_file id="fl-2e">
         <path>C:\ti\ccs1230\ccs\tools\compiler\ti-cgt-msp430_21.6.1.LTS\lib\</path>
         <kind>archive</kind>
         <file>rts430x_lc_sd_eabi.lib</file>
         <name>wcslen.c.obj</name>
      </input_file>
      <input_file id="fl-2f">
         <path>C:\ti\ccs1230\ccs\tools\compiler\ti-cgt-msp430_21.6.1.LTS\lib\</path>
         <kind>archive</kind>
         <file>rts430x_lc_sd_eabi.lib</file>
         <name>div16u.asm.obj</name>
      </input_file>
      <input_file id="fl-30">
         <path>C:\ti\ccs1230\ccs\tools\compiler\ti-cgt-msp430_21.6.1.LTS\lib\</path>
         <kind>archive</kind>
         <file>rts430x_lc_sd_eabi.lib</file>
         <name>div32u.asm.obj</name>
      </input_file>
      <input_file id="fl-31">
         <path>C:\ti\ccs1230\ccs\tools\compiler\ti-cgt-msp430_21.6.1.LTS\lib\</path>
         <kind>archive</kind>
         <file>rts430x_lc_sd_eabi.lib</file>
         <name>int41.asm.obj</name>
      </input_file>
      <input_file id="fl-32">
         <path>C:\ti\ccs1230\ccs\tools\compiler\ti-cgt-msp430_21.6.1.LTS\lib\</path>
         <kind>archive</kind>
         <file>rts430x_lc_sd_eabi.lib</file>
         <name>int42.asm.obj</name>
      </input_file>
      <input_file id="fl-33">
         <path>C:\ti\ccs1230\ccs\tools\compiler\ti-cgt-msp430_21.6.1.LTS\lib\</path>
         <kind>archive</kind>
         <file>rts430x_lc_sd_eabi.lib</file>
         <name>int43.asm.obj</name>
      </input_file>
      <input_file id="fl-34">
         <path>C:\ti\ccs1230\ccs\tools\compiler\ti-cgt-msp430_21.6.1.LTS\lib\</path>
         <kind>archive</kind>
         <file>rts430x_lc_sd_eabi.lib</file>
         <name>int44.asm.obj</name>
      </input_file>
      <input_file id="fl-35">
         <path>C:\ti\ccs1230\ccs\tools\compiler\ti-cgt-msp430_21.6.1.LTS\lib\</path>
         <kind>archive</kind>
         <file>rts430x_lc_sd_eabi.lib</file>
         <name>int45.asm.obj</name>
      </input_file>
      <input_file id="fl-36">
         <path>C:\ti\ccs1230\ccs\tools\compiler\ti-cgt-msp430_21.6.1.LTS\lib\</path>
         <kind>archive</kind>
         <file>rts430x_lc_sd_eabi.lib</file>
         <name>int46.asm.obj</name>
      </input_file>
      <input_file id="fl-37">
         <path>C:\ti\ccs1230\ccs\tools\compiler\ti-cgt-msp430_21.6.1.LTS\lib\</path>
         <kind>archive</kind>
         <file>rts430x_lc_sd_eabi.lib</file>
         <name>int47.asm.obj</name>
      </input_file>
      <input_file id="fl-38">
         <path>C:\ti\ccs1230\ccs\tools\compiler\ti-cgt-msp430_21.6.1.LTS\lib\</path>
         <kind>archive</kind>
         <file>rts430x_lc_sd_eabi.lib</file>
         <name>int48.asm.obj</name>
      </input_file>
      <input_file id="fl-39">
         <path>C:\ti\ccs1230\ccs\tools\compiler\ti-cgt-msp430_21.6.1.LTS\lib\</path>
         <kind>archive</kind>
         <file>rts430x_lc_sd_eabi.lib</file>
         <name>int49.asm.obj</name>
      </input_file>
      <input_file id="fl-3a">
         <path>C:\ti\ccs1230\ccs\tools\compiler\ti-cgt-msp430_21.6.1.LTS\lib\</path>
         <kind>archive</kind>
         <file>rts430x_lc_sd_eabi.lib</file>
         <name>int50.asm.obj</name>
      </input_file>
      <input_file id="fl-3b">
         <path>C:\ti\ccs1230\ccs\tools\compiler\ti-cgt-msp430_21.6.1.LTS\lib\</path>
         <kind>archive</kind>
         <file>rts430x_lc_sd_eabi.lib</file>
         <name>int51.asm.obj</name>
      </input_file>
      <input_file id="fl-3c">
         <path>C:\ti\ccs1230\ccs\tools\compiler\ti-cgt-msp430_21.6.1.LTS\lib\</path>
         <kind>archive</kind>
         <file>rts430x_lc_sd_eabi.lib</file>
         <name>int52.asm.obj</name>
      </input_file>
      <input_file id="fl-3d">
         <path>C:\ti\ccs1230\ccs\tools\compiler\ti-cgt-msp430_21.6.1.LTS\lib\</path>
         <kind>archive</kind>
         <file>rts430x_lc_sd_eabi.lib</file>
         <name>int53.asm.obj</name>
      </input_file>
      <input_file id="fl-3e">
         <path>C:\ti\ccs1230\ccs\tools\compiler\ti-cgt-msp430_21.6.1.LTS\lib\</path>
         <kind>archive</kind>
         <file>rts430x_lc_sd_eabi.lib</file>
         <name>int54.asm.obj</name>
      </input_file>
      <input_file id="fl-3f">
         <path>C:\ti\ccs1230\ccs\tools\compiler\ti-cgt-msp430_21.6.1.LTS\lib\</path>
         <kind>archive</kind>
         <file>rts430x_lc_sd_eabi.lib</file>
         <name>int55.asm.obj</name>
      </input_file>
      <input_file id="fl-40">
         <path>C:\ti\ccs1230\ccs\tools\compiler\ti-cgt-msp430_21.6.1.LTS\lib\</path>
         <kind>archive</kind>
         <file>rts430x_lc_sd_eabi.lib</file>
         <name>int56.asm.obj</name>
      </input_file>
      <input_file id="fl-41">
         <path>C:\ti\ccs1230\ccs\tools\compiler\ti-cgt-msp430_21.6.1.LTS\lib\</path>
         <kind>archive</kind>
         <file>rts430x_lc_sd_eabi.lib</file>
         <name>int57.asm.obj</name>
      </input_file>
      <input_file id="fl-42">
         <path>C:\ti\ccs1230\ccs\tools\compiler\ti-cgt-msp430_21.6.1.LTS\lib\</path>
         <kind>archive</kind>
         <file>rts430x_lc_sd_eabi.lib</file>
         <name>int58.asm.obj</name>
      </input_file>
      <input_file id="fl-43">
         <path>C:\ti\ccs1230\ccs\tools\compiler\ti-cgt-msp430_21.6.1.LTS\lib\</path>
         <kind>archive</kind>
         <file>rts430x_lc_sd_eabi.lib</file>
         <name>isr_trap.asm.obj</name>
      </input_file>
      <input_file id="fl-44">
         <path>C:\ti\ccs1230\ccs\tools\compiler\ti-cgt-msp430_21.6.1.LTS\lib\</path>
         <kind>archive</kind>
         <file>rts430x_lc_sd_eabi.lib</file>
         <name>mult16.asm.obj</name>
      </input_file>
      <input_file id="fl-45">
         <path>C:\ti\ccs1230\ccs\tools\compiler\ti-cgt-msp430_21.6.1.LTS\lib\</path>
         <kind>archive</kind>
         <file>rts430x_lc_sd_eabi.lib</file>
         <name>mult16_f5hw.asm.obj</name>
      </input_file>
      <input_file id="fl-46">
         <path>C:\ti\ccs1230\ccs\tools\compiler\ti-cgt-msp430_21.6.1.LTS\lib\</path>
         <kind>archive</kind>
         <file>rts430x_lc_sd_eabi.lib</file>
         <name>mult1632_f5hw.asm.obj</name>
      </input_file>
      <input_file id="fl-47">
         <path>C:\ti\ccs1230\ccs\tools\compiler\ti-cgt-msp430_21.6.1.LTS\lib\</path>
         <kind>archive</kind>
         <file>rts430x_lc_sd_eabi.lib</file>
         <name>mult32_f5hw.asm.obj</name>
      </input_file>
      <input_file id="fl-48">
         <path>C:\ti\ccs1230\ccs\tools\compiler\ti-cgt-msp430_21.6.1.LTS\lib\</path>
         <kind>archive</kind>
         <file>rts430x_lc_sd_eabi.lib</file>
         <name>mult3264_f5hw.asm.obj</name>
      </input_file>
      <input_file id="fl-49">
         <path>C:\ti\ccs1230\ccs\tools\compiler\ti-cgt-msp430_21.6.1.LTS\lib\</path>
         <kind>archive</kind>
         <file>rts430x_lc_sd_eabi.lib</file>
         <name>mult64_f5hw.asm.obj</name>
      </input_file>
      <input_file id="fl-4a">
         <path>C:\ti\ccs1230\ccs\tools\compiler\ti-cgt-msp430_21.6.1.LTS\lib\</path>
         <kind>archive</kind>
         <file>rts430x_lc_sd_eabi.lib</file>
         <name>boot.c.obj</name>
      </input_file>
      <input_file id="fl-4b">
         <path>C:\ti\ccs1230\ccs\tools\compiler\ti-cgt-msp430_21.6.1.LTS\lib\</path>
         <kind>archive</kind>
         <file>rts430x_lc_sd_eabi.lib</file>
         <name>autoinit.c.obj</name>
      </input_file>
      <input_file id="fl-4c">
         <path>C:\ti\ccs1230\ccs\tools\compiler\ti-cgt-msp430_21.6.1.LTS\lib\</path>
         <kind>archive</kind>
         <file>rts430x_lc_sd_eabi.lib</file>
         <name>copy_zero_init.c.obj</name>
      </input_file>
      <input_file id="fl-4d">
         <path>C:\ti\ccs1230\ccs\tools\compiler\ti-cgt-msp430_21.6.1.LTS\lib\</path>
         <kind>archive</kind>
         <file>rts430x_lc_sd_eabi.lib</file>
         <name>exit_gvars.c.obj</name>
      </input_file>
      <input_file id="fl-4e">
         <path>C:\ti\ccs1230\ccs\tools\compiler\ti-cgt-msp430_21.6.1.LTS\lib\</path>
         <kind>archive</kind>
         <file>rts430x_lc_sd_eabi.lib</file>
         <name>cpy_tbl.c.obj</name>
      </input_file>
      <input_file id="fl-4f">
         <path>C:\ti\ccs1230\ccs\tools\compiler\ti-cgt-msp430_21.6.1.LTS\lib\</path>
         <kind>archive</kind>
         <file>rts430x_lc_sd_eabi.lib</file>
         <name>mpu_init.c.obj</name>
      </input_file>
      <input_file id="fl-50">
         <path>C:\ti\ccs1230\ccs\tools\compiler\ti-cgt-msp430_21.6.1.LTS\lib\</path>
         <kind>archive</kind>
         <file>rts430x_lc_sd_eabi.lib</file>
         <name>lsr64.c.obj</name>
      </input_file>
      <input_file id="fl-51">
         <path>C:\ti\ccs1230\ccs\tools\compiler\ti-cgt-msp430_21.6.1.LTS\lib\</path>
         <kind>archive</kind>
         <file>rts430x_lc_sd_eabi.lib</file>
         <name>div64u.c.obj</name>
      </input_file>
      <input_file id="fl-52">
         <path>C:\ti\ccs1230\ccs\tools\compiler\ti-cgt-msp430_21.6.1.LTS\lib\</path>
         <kind>archive</kind>
         <file>rts430x_lc_sd_eabi.lib</file>
         <name>pre_init.c.obj</name>
      </input_file>
      <input_file id="fl-53">
         <path>C:\ti\ccs1230\ccs\tools\compiler\ti-cgt-msp430_21.6.1.LTS\lib\</path>
         <kind>archive</kind>
         <file>rts430x_lc_sd_eabi.lib</file>
         <name>startup.c.obj</name>
      </input_file>
      <input_file id="fl-54">
         <path>C:\ti\ccs1230\ccs\tools\compiler\ti-cgt-msp430_21.6.1.LTS\lib\</path>
         <kind>archive</kind>
         <file>rts430x_lc_sd_eabi.lib</file>
         <name>copy_decompress_none.c.obj</name>
      </input_file>
      <input_file id="fl-55">
         <path>C:\ti\ccs1230\ccs\tools\compiler\ti-cgt-msp430_21.6.1.LTS\lib\</path>
         <kind>archive</kind>
         <file>rts430x_lc_sd_eabi.lib</file>
         <name>copy_decompress_lzss.c.obj</name>
      </input_file>
      <input_file id="fl-56">
         <path>C:\ti\ccs1230\ccs\tools\compiler\ti-cgt-msp430_21.6.1.LTS\lib\</path>
         <kind>archive</kind>
         <file>rts430x_lc_sd_eabi.lib</file>
         <name>addd.c.obj</name>
      </input_file>
      <input_file id="fl-57">
         <path>C:\ti\ccs1230\ccs\tools\compiler\ti-cgt-msp430_21.6.1.LTS\lib\</path>
         <kind>archive</kind>
         <file>rts430x_lc_sd_eabi.lib</file>
         <name>cmpd.c.obj</name>
      </input_file>
      <input_file id="fl-58">
         <path>C:\ti\ccs1230\ccs\tools\compiler\ti-cgt-msp430_21.6.1.LTS\lib\</path>
         <kind>archive</kind>
         <file>rts430x_lc_sd_eabi.lib</file>
         <name>divd.c.obj</name>
      </input_file>
      <input_file id="fl-59">
         <path>C:\ti\ccs1230\ccs\tools\compiler\ti-cgt-msp430_21.6.1.LTS\lib\</path>
         <kind>archive</kind>
         <file>rts430x_lc_sd_eabi.lib</file>
         <name>fixdi.c.obj</name>
      </input_file>
      <input_file id="fl-5a">
         <path>C:\ti\ccs1230\ccs\tools\compiler\ti-cgt-msp430_21.6.1.LTS\lib\</path>
         <kind>archive</kind>
         <file>rts430x_lc_sd_eabi.lib</file>
         <name>fixdli.c.obj</name>
      </input_file>
      <input_file id="fl-5b">
         <path>C:\ti\ccs1230\ccs\tools\compiler\ti-cgt-msp430_21.6.1.LTS\lib\</path>
         <kind>archive</kind>
         <file>rts430x_lc_sd_eabi.lib</file>
         <name>fltid.c.obj</name>
      </input_file>
      <input_file id="fl-5c">
         <path>C:\ti\ccs1230\ccs\tools\compiler\ti-cgt-msp430_21.6.1.LTS\lib\</path>
         <kind>archive</kind>
         <file>rts430x_lc_sd_eabi.lib</file>
         <name>fltlid.c.obj</name>
      </input_file>
      <input_file id="fl-5d">
         <path>C:\ti\ccs1230\ccs\tools\compiler\ti-cgt-msp430_21.6.1.LTS\lib\</path>
         <kind>archive</kind>
         <file>rts430x_lc_sd_eabi.lib</file>
         <name>frcdivd.c.obj</name>
      </input_file>
      <input_file id="fl-5e">
         <path>C:\ti\ccs1230\ccs\tools\compiler\ti-cgt-msp430_21.6.1.LTS\lib\</path>
         <kind>archive</kind>
         <file>rts430x_lc_sd_eabi.lib</file>
         <name>mpyd.c.obj</name>
      </input_file>
      <input_file id="fl-5f">
         <path>C:\ti\ccs1230\ccs\tools\compiler\ti-cgt-msp430_21.6.1.LTS\lib\</path>
         <kind>archive</kind>
         <file>rts430x_lc_sd_eabi.lib</file>
         <name>negd.c.obj</name>
      </input_file>
      <input_file id="fl-60">
         <path>C:\ti\ccs1230\ccs\tools\compiler\ti-cgt-msp430_21.6.1.LTS\lib\</path>
         <kind>archive</kind>
         <file>rts430x_lc_sd_eabi.lib</file>
         <name>subd.c.obj</name>
      </input_file>
      <input_file id="fl-61">
         <path>C:\ti\ccs1230\ccs\tools\compiler\ti-cgt-msp430_21.6.1.LTS\lib\</path>
         <kind>archive</kind>
         <file>rts430x_lc_sd_eabi.lib</file>
         <name>exit.c.obj</name>
      </input_file>
      <input_file id="fl-62">
         <path>C:\ti\ccs1230\ccs\tools\compiler\ti-cgt-msp430_21.6.1.LTS\lib\</path>
         <kind>archive</kind>
         <file>rts430x_lc_sd_eabi.lib</file>
         <name>_lock.c.obj</name>
      </input_file>
      <input_file id="fl-63">
         <path>C:\ti\ccs1230\ccs\tools\compiler\ti-cgt-msp430_21.6.1.LTS\lib\</path>
         <kind>archive</kind>
         <file>rts430x_lc_sd_eabi.lib</file>
         <name>_ltoa.c.obj</name>
      </input_file>
      <input_file id="fl-64">
         <path>C:\ti\ccs1230\ccs\tools\compiler\ti-cgt-msp430_21.6.1.LTS\lib\</path>
         <kind>archive</kind>
         <file>rts430x_lc_sd_eabi.lib</file>
         <name>args_main.c.obj</name>
      </input_file>
      <input_file id="fl-65">
         <path>C:\ti\ccs1230\ccs\tools\compiler\ti-cgt-msp430_21.6.1.LTS\lib\</path>
         <kind>archive</kind>
         <file>rts430x_lc_sd_eabi.lib</file>
         <name>atoi.c.obj</name>
      </input_file>
      <input_file id="fl-66">
         <path>C:\ti\ccs1230\ccs\tools\compiler\ti-cgt-msp430_21.6.1.LTS\lib\</path>
         <kind>archive</kind>
         <file>rts430x_lc_sd_eabi.lib</file>
         <name>ctype.c.obj</name>
      </input_file>
      <input_file id="fl-67">
         <path>C:\ti\ccs1230\ccs\tools\compiler\ti-cgt-msp430_21.6.1.LTS\lib\</path>
         <kind>archive</kind>
         <file>rts430x_lc_sd_eabi.lib</file>
         <name>defs.c.obj</name>
      </input_file>
      <input_file id="fl-68">
         <path>C:\ti\ccs1230\ccs\tools\compiler\ti-cgt-msp430_21.6.1.LTS\lib\</path>
         <kind>archive</kind>
         <file>rts430x_lc_sd_eabi.lib</file>
         <name>memccpy.c.obj</name>
      </input_file>
      <input_file id="fl-69">
         <path>C:\ti\ccs1230\ccs\tools\compiler\ti-cgt-msp430_21.6.1.LTS\lib\</path>
         <kind>archive</kind>
         <file>rts430x_lc_sd_eabi.lib</file>
         <name>memchr.c.obj</name>
      </input_file>
      <input_file id="fl-6a">
         <path>C:\ti\ccs1230\ccs\tools\compiler\ti-cgt-msp430_21.6.1.LTS\lib\</path>
         <kind>archive</kind>
         <file>rts430x_lc_sd_eabi.lib</file>
         <name>memcpy.c.obj</name>
      </input_file>
      <input_file id="fl-6b">
         <path>C:\ti\ccs1230\ccs\tools\compiler\ti-cgt-msp430_21.6.1.LTS\lib\</path>
         <kind>archive</kind>
         <file>rts430x_lc_sd_eabi.lib</file>
         <name>memory.c.obj</name>
      </input_file>
      <input_file id="fl-6c">
         <path>C:\ti\ccs1230\ccs\tools\compiler\ti-cgt-msp430_21.6.1.LTS\lib\</path>
         <kind>archive</kind>
         <file>rts430x_lc_sd_eabi.lib</file>
         <name>memset.c.obj</name>
      </input_file>
      <input_file id="fl-6d">
         <path>C:\ti\ccs1230\ccs\tools\compiler\ti-cgt-msp430_21.6.1.LTS\lib\</path>
         <kind>archive</kind>
         <file>rts430x_lc_sd_eabi.lib</file>
         <name>strchr.c.obj</name>
      </input_file>
      <input_file id="fl-6e">
         <path>C:\ti\ccs1230\ccs\tools\compiler\ti-cgt-msp430_21.6.1.LTS\lib\</path>
         <kind>archive</kind>
         <file>rts430x_lc_sd_eabi.lib</file>
         <name>strlen.c.obj</name>
      </input_file>
      <input_file id="fl-6f">
         <path>C:\ti\ccs1230\ccs\tools\compiler\ti-cgt-msp430_21.6.1.LTS\lib\</path>
         <kind>archive</kind>
         <file>rts430x_lc_sd_eabi.lib</file>
         <name>toupper.c.obj</name>
      </input_file>
      <input_file id="fl-70">
         <path>C:\ti\ccs1230\ccs\tools\compiler\ti-cgt-msp430_21.6.1.LTS\lib\</path>
         <kind>archive</kind>
         <file>rts430x_lc_sd_eabi.lib</file>
         <name>abs.c.obj</name>
      </input_file>
      <input_file id="fl-71">
         <path>C:\ti\ccs1230\ccs\tools\compiler\ti-cgt-msp430_21.6.1.LTS\lib\</path>
         <kind>archive</kind>
         <file>rts430x_lc_sd_eabi.lib</file>
         <name>errno.c.obj</name>
      </input_file>
      <input_file id="fl-72">
         <path>C:\ti\ccs1230\ccs\tools\compiler\ti-cgt-msp430_21.6.1.LTS\lib\</path>
         <kind>archive</kind>
         <file>rts430x_lc_sd_eabi.lib</file>
         <name>fflush.c.obj</name>
      </input_file>
      <input_file id="fl-73">
         <path>C:\ti\ccs1230\ccs\tools\compiler\ti-cgt-msp430_21.6.1.LTS\lib\</path>
         <kind>archive</kind>
         <file>rts430x_lc_sd_eabi.lib</file>
         <name>fopen.c.obj</name>
      </input_file>
      <input_file id="fl-74">
         <path>C:\ti\ccs1230\ccs\tools\compiler\ti-cgt-msp430_21.6.1.LTS\lib\</path>
         <kind>archive</kind>
         <file>rts430x_lc_sd_eabi.lib</file>
         <name>fseek.c.obj</name>
      </input_file>
      <input_file id="fl-75">
         <path>C:\ti\ccs1230\ccs\tools\compiler\ti-cgt-msp430_21.6.1.LTS\lib\</path>
         <kind>archive</kind>
         <file>rts430x_lc_sd_eabi.lib</file>
         <name>asr32.asm.obj</name>
      </input_file>
      <input_file id="fl-76">
         <path>C:\ti\ccs1230\ccs\tools\compiler\ti-cgt-msp430_21.6.1.LTS\lib\</path>
         <kind>archive</kind>
         <file>rts430x_lc_sd_eabi.lib</file>
         <name>div32s.asm.obj</name>
      </input_file>
      <input_file id="fl-77">
         <path>C:\ti\ccs1230\ccs\tools\compiler\ti-cgt-msp430_21.6.1.LTS\lib\</path>
         <kind>archive</kind>
         <file>rts430x_lc_sd_eabi.lib</file>
         <name>cpy_util.asm.obj</name>
      </input_file>
      <input_file id="fl-78">
         <path>C:\ti\ccs1230\ccs\tools\compiler\ti-cgt-msp430_21.6.1.LTS\lib\</path>
         <kind>archive</kind>
         <file>rts430x_lc_sd_eabi.lib</file>
         <name>lsl32.asm.obj</name>
      </input_file>
      <input_file id="fl-79">
         <path>C:\ti\ccs1230\ccs\tools\compiler\ti-cgt-msp430_21.6.1.LTS\lib\</path>
         <kind>archive</kind>
         <file>rts430x_lc_sd_eabi.lib</file>
         <name>lsr32.asm.obj</name>
      </input_file>
      <input_file id="fl-7a">
         <path>C:\ti\ccs1230\ccs\tools\compiler\ti-cgt-msp430_21.6.1.LTS\lib\</path>
         <kind>archive</kind>
         <file>rts430x_lc_sd_eabi.lib</file>
         <name>mult32.asm.obj</name>
      </input_file>
      <input_file id="fl-7b">
         <path>C:\ti\ccs1230\ccs\tools\compiler\ti-cgt-msp430_21.6.1.LTS\lib\</path>
         <kind>archive</kind>
         <file>rts430x_lc_sd_eabi.lib</file>
         <name>asr64.c.obj</name>
      </input_file>
      <input_file id="fl-7c">
         <path>C:\ti\ccs1230\ccs\tools\compiler\ti-cgt-msp430_21.6.1.LTS\lib\</path>
         <kind>archive</kind>
         <file>rts430x_lc_sd_eabi.lib</file>
         <name>lsl64.c.obj</name>
      </input_file>
      <input_file id="fl-7d">
         <path>C:\ti\ccs1230\ccs\tools\compiler\ti-cgt-msp430_21.6.1.LTS\lib\</path>
         <kind>archive</kind>
         <file>rts430x_lc_sd_eabi.lib</file>
         <name>frcmpyd.c.obj</name>
      </input_file>
      <input_file id="fl-7e">
         <path>C:\ti\ccs1230\ccs\tools\compiler\ti-cgt-msp430_21.6.1.LTS\lib\</path>
         <kind>archive</kind>
         <file>rts430x_lc_sd_eabi.lib</file>
         <name>open.c.obj</name>
      </input_file>
      <input_file id="fl-7f">
         <path>C:\ti\ccs1230\ccs\tools\compiler\ti-cgt-msp430_21.6.1.LTS\lib\</path>
         <kind>archive</kind>
         <file>rts430x_lc_sd_eabi.lib</file>
         <name>lseek.c.obj</name>
      </input_file>
      <input_file id="fl-80">
         <path>C:\ti\ccs1230\ccs\tools\compiler\ti-cgt-msp430_21.6.1.LTS\lib\</path>
         <kind>archive</kind>
         <file>rts430x_lc_sd_eabi.lib</file>
         <name>fclose.c.obj</name>
      </input_file>
      <input_file id="fl-81">
         <path>C:\ti\ccs1230\ccs\tools\compiler\ti-cgt-msp430_21.6.1.LTS\lib\</path>
         <kind>archive</kind>
         <file>rts430x_lc_sd_eabi.lib</file>
         <name>getdevice.c.obj</name>
      </input_file>
      <input_file id="fl-82">
         <path>C:\ti\ccs1230\ccs\tools\compiler\ti-cgt-msp430_21.6.1.LTS\lib\</path>
         <kind>archive</kind>
         <file>rts430x_lc_sd_eabi.lib</file>
         <name>mult3264.asm.obj</name>
      </input_file>
      <input_file id="fl-83">
         <path>C:\ti\ccs1230\ccs\tools\compiler\ti-cgt-msp430_21.6.1.LTS\lib\</path>
         <kind>archive</kind>
         <file>rts430x_lc_sd_eabi.lib</file>
         <name>mult64.asm.obj</name>
      </input_file>
      <input_file id="fl-84">
         <path>C:\ti\ccs1230\ccs\tools\compiler\ti-cgt-msp430_21.6.1.LTS\lib\</path>
         <kind>archive</kind>
         <file>rts430x_lc_sd_eabi.lib</file>
         <name>strcmp.c.obj</name>
      </input_file>
      <input_file id="fl-85">
         <path>C:\ti\ccs1230\ccs\tools\compiler\ti-cgt-msp430_21.6.1.LTS\lib\</path>
         <kind>archive</kind>
         <file>rts430x_lc_sd_eabi.lib</file>
         <name>strncpy.c.obj</name>
      </input_file>
      <input_file id="fl-86">
         <path>C:\ti\ccs1230\ccs\tools\compiler\ti-cgt-msp430_21.6.1.LTS\lib\</path>
         <kind>archive</kind>
         <file>rts430x_lc_sd_eabi.lib</file>
         <name>host_device.c.obj</name>
      </input_file>
      <input_file id="fl-87">
         <path>C:\ti\ccs1230\ccs\tools\compiler\ti-cgt-msp430_21.6.1.LTS\lib\</path>
         <kind>archive</kind>
         <file>rts430x_lc_sd_eabi.lib</file>
         <name>remove.c.obj</name>
      </input_file>
      <input_file id="fl-88">
         <path>C:\ti\ccs1230\ccs\tools\compiler\ti-cgt-msp430_21.6.1.LTS\lib\</path>
         <kind>archive</kind>
         <file>rts430x_lc_sd_eabi.lib</file>
         <name>close.c.obj</name>
      </input_file>
      <input_file id="fl-89">
         <path>C:\ti\ccs1230\ccs\tools\compiler\ti-cgt-msp430_21.6.1.LTS\lib\</path>
         <kind>archive</kind>
         <file>rts430x_lc_sd_eabi.lib</file>
         <name>mult1632.asm.obj</name>
      </input_file>
      <input_file id="fl-8a">
         <path>C:\ti\ccs1230\ccs\tools\compiler\ti-cgt-msp430_21.6.1.LTS\lib\</path>
         <kind>archive</kind>
         <file>rts430x_lc_sd_eabi.lib</file>
         <name>unlink.c.obj</name>
      </input_file>
      <input_file id="fl-8b">
         <path>C:\ti\ccs1230\ccs\tools\compiler\ti-cgt-msp430_21.6.1.LTS\lib\</path>
         <kind>archive</kind>
         <file>rts430x_lc_sd_eabi.lib</file>
         <name>hostclose.c.obj</name>
      </input_file>
      <input_file id="fl-8c">
         <path>C:\ti\ccs1230\ccs\tools\compiler\ti-cgt-msp430_21.6.1.LTS\lib\</path>
         <kind>archive</kind>
         <file>rts430x_lc_sd_eabi.lib</file>
         <name>hostlseek.c.obj</name>
      </input_file>
      <input_file id="fl-8d">
         <path>C:\ti\ccs1230\ccs\tools\compiler\ti-cgt-msp430_21.6.1.LTS\lib\</path>
         <kind>archive</kind>
         <file>rts430x_lc_sd_eabi.lib</file>
         <name>hostopen.c.obj</name>
      </input_file>
      <input_file id="fl-8e">
         <path>C:\ti\ccs1230\ccs\tools\compiler\ti-cgt-msp430_21.6.1.LTS\lib\</path>
         <kind>archive</kind>
         <file>rts430x_lc_sd_eabi.lib</file>
         <name>hostread.c.obj</name>
      </input_file>
      <input_file id="fl-8f">
         <path>C:\ti\ccs1230\ccs\tools\compiler\ti-cgt-msp430_21.6.1.LTS\lib\</path>
         <kind>archive</kind>
         <file>rts430x_lc_sd_eabi.lib</file>
         <name>hostrename.c.obj</name>
      </input_file>
      <input_file id="fl-90">
         <path>C:\ti\ccs1230\ccs\tools\compiler\ti-cgt-msp430_21.6.1.LTS\lib\</path>
         <kind>archive</kind>
         <file>rts430x_lc_sd_eabi.lib</file>
         <name>hostunlink.c.obj</name>
      </input_file>
      <input_file id="fl-91">
         <path>C:\ti\ccs1230\ccs\tools\compiler\ti-cgt-msp430_21.6.1.LTS\lib\</path>
         <kind>archive</kind>
         <file>rts430x_lc_sd_eabi.lib</file>
         <name>hostwrite.c.obj</name>
      </input_file>
      <input_file id="fl-92">
         <path>C:\ti\ccs1230\ccs\tools\compiler\ti-cgt-msp430_21.6.1.LTS\lib\</path>
         <kind>archive</kind>
         <file>rts430x_lc_sd_eabi.lib</file>
         <name>trgmsg.c.obj</name>
      </input_file>
      <input_file id="fl-93">
         <path>C:\ti\ccs1230\ccs\tools\compiler\ti-cgt-msp430_21.6.1.LTS\lib\</path>
         <kind>archive</kind>
         <file>rts430x_lc_sd_eabi.lib</file>
         <name>strcpy.c.obj</name>
      </input_file>
   </input_file_list>
   <object_component_list>
      <object_component id="oc-693">
         <name>.cinit..data.load</name>
         <load_address>0xc400</load_address>
         <run_address>0xc400</run_address>
         <size>0x134</size>
      </object_component>
      <object_component id="oc-690">
         <name>__TI_handler_table</name>
         <load_address>0xc536</load_address>
         <run_address>0xc536</run_address>
         <size>0xc</size>
      </object_component>
      <object_component id="oc-692">
         <name>.cinit..bss.load</name>
         <load_address>0xc542</load_address>
         <run_address>0xc542</run_address>
         <size>0x6</size>
      </object_component>
      <object_component id="oc-691">
         <name>__TI_cinit_table</name>
         <load_address>0xc548</load_address>
         <run_address>0xc548</run_address>
         <size>0x10</size>
      </object_component>
      <object_component id="oc-628">
         <name>.binit</name>
         <load_address>0xc558</load_address>
         <run_address>0xc558</run_address>
         <size>0x0</size>
      </object_component>
      <object_component id="oc-494">
         <name>.const:.string</name>
         <load_address>0xc558</load_address>
         <run_address>0xc558</run_address>
         <size>0x26</size>
         <input_file_ref idref="fl-25"/>
      </object_component>
      <object_component id="oc-36d">
         <name>.const:.string</name>
         <load_address>0xc57e</load_address>
         <run_address>0xc57e</run_address>
         <size>0x12</size>
         <input_file_ref idref="fl-2"/>
      </object_component>
      <object_component id="oc-443">
         <name>.text:__TI_printfi_minimal:_setfield___TI_printfi_minimal</name>
         <load_address>0xc590</load_address>
         <run_address>0xc590</run_address>
         <size>0x10e</size>
         <input_file_ref idref="fl-25"/>
      </object_component>
      <object_component id="oc-526">
         <name>.text:aligned_alloc</name>
         <load_address>0xc69e</load_address>
         <run_address>0xc69e</run_address>
         <size>0xf0</size>
         <input_file_ref idref="fl-6b"/>
      </object_component>
      <object_component id="oc-68">
         <name>.text:decompress:lzss:__TI_decompress_lzss</name>
         <load_address>0xc78e</load_address>
         <run_address>0xc78e</run_address>
         <size>0xee</size>
         <input_file_ref idref="fl-55"/>
      </object_component>
      <object_component id="oc-3d4">
         <name>.text:__TI_printfi_minimal:__TI_printfi_minimal</name>
         <load_address>0xc87c</load_address>
         <run_address>0xc87c</run_address>
         <size>0xe2</size>
         <input_file_ref idref="fl-25"/>
      </object_component>
      <object_component id="oc-42f">
         <name>.text:fputs</name>
         <load_address>0xc95e</load_address>
         <run_address>0xc95e</run_address>
         <size>0xde</size>
         <input_file_ref idref="fl-28"/>
      </object_component>
      <object_component id="oc-4e4">
         <name>.text:free</name>
         <load_address>0xca3c</load_address>
         <run_address>0xca3c</run_address>
         <size>0xd2</size>
         <input_file_ref idref="fl-6b"/>
      </object_component>
      <object_component id="oc-4b6">
         <name>.text:setvbuf</name>
         <load_address>0xcb0e</load_address>
         <run_address>0xcb0e</run_address>
         <size>0xcc</size>
         <input_file_ref idref="fl-2a"/>
      </object_component>
      <object_component id="oc-495">
         <name>.text:__TI_printfi_minimal:_pproc_diouxp___TI_printfi_minimal</name>
         <load_address>0xcbda</load_address>
         <run_address>0xcbda</run_address>
         <size>0xc4</size>
         <input_file_ref idref="fl-25"/>
      </object_component>
      <object_component id="oc-436">
         <name>.text:fputc</name>
         <load_address>0xcc9e</load_address>
         <run_address>0xcc9e</run_address>
         <size>0x8c</size>
         <input_file_ref idref="fl-27"/>
      </object_component>
      <object_component id="oc-583">
         <name>.text:HOSTlseek</name>
         <load_address>0xcd2a</load_address>
         <run_address>0xcd2a</run_address>
         <size>0x82</size>
         <input_file_ref idref="fl-8c"/>
      </object_component>
      <object_component id="oc-476">
         <name>.text:__TI_wrt_ok</name>
         <load_address>0xcdac</load_address>
         <run_address>0xcdac</run_address>
         <size>0x7a</size>
         <input_file_ref idref="fl-29"/>
      </object_component>
      <object_component id="oc-58f">
         <name>.text:HOSTrename</name>
         <load_address>0xce26</load_address>
         <run_address>0xce26</run_address>
         <size>0x6a</size>
         <input_file_ref idref="fl-8f"/>
      </object_component>
      <object_component id="oc-350">
         <name>.text:__TI_auto_init_nobinit_nopinit_hold_wdt:__TI_auto_init_nobinit_nopinit_hold_wdt</name>
         <load_address>0xce90</load_address>
         <run_address>0xce90</run_address>
         <size>0x6a</size>
         <input_file_ref idref="fl-4b"/>
      </object_component>
      <object_component id="oc-4b0">
         <name>.text:fseeko</name>
         <load_address>0xcefa</load_address>
         <run_address>0xcefa</run_address>
         <size>0x6a</size>
         <input_file_ref idref="fl-74"/>
      </object_component>
      <object_component id="oc-52d">
         <name>.text:__TI_closefile</name>
         <load_address>0xcf64</load_address>
         <run_address>0xcf64</run_address>
         <size>0x68</size>
         <input_file_ref idref="fl-80"/>
      </object_component>
      <object_component id="oc-553">
         <name>.text:split</name>
         <load_address>0xcfcc</load_address>
         <run_address>0xcfcc</run_address>
         <size>0x68</size>
         <input_file_ref idref="fl-6b"/>
      </object_component>
      <object_component id="oc-56b">
         <name>.text:HOSTopen</name>
         <load_address>0xd034</load_address>
         <run_address>0xd034</run_address>
         <size>0x64</size>
         <input_file_ref idref="fl-8d"/>
      </object_component>
      <object_component id="oc-482">
         <name>.text:__TI_doflush</name>
         <load_address>0xd098</load_address>
         <run_address>0xd098</run_address>
         <size>0x62</size>
         <input_file_ref idref="fl-72"/>
      </object_component>
      <object_component id="oc-57d">
         <name>.text:HOSTwrite</name>
         <load_address>0xd0fa</load_address>
         <run_address>0xd0fa</run_address>
         <size>0x60</size>
         <input_file_ref idref="fl-91"/>
      </object_component>
      <object_component id="oc-577">
         <name>.text:HOSTread</name>
         <load_address>0xd15a</load_address>
         <run_address>0xd15a</run_address>
         <size>0x5e</size>
         <input_file_ref idref="fl-8e"/>
      </object_component>
      <object_component id="oc-5a1">
         <name>.text:getdevice</name>
         <load_address>0xd1b8</load_address>
         <run_address>0xd1b8</run_address>
         <size>0x54</size>
         <input_file_ref idref="fl-81"/>
      </object_component>
      <object_component id="oc-55a">
         <name>.text:close</name>
         <load_address>0xd20c</load_address>
         <run_address>0xd20c</run_address>
         <size>0x4a</size>
         <input_file_ref idref="fl-88"/>
      </object_component>
      <object_component id="oc-332">
         <name>.text:exit</name>
         <load_address>0xd256</load_address>
         <run_address>0xd256</run_address>
         <size>0x48</size>
         <input_file_ref idref="fl-61"/>
      </object_component>
      <object_component id="oc-571">
         <name>.text:HOSTclose</name>
         <load_address>0xd29e</load_address>
         <run_address>0xd29e</run_address>
         <size>0x46</size>
         <input_file_ref idref="fl-8b"/>
      </object_component>
      <object_component id="oc-589">
         <name>.text:HOSTunlink</name>
         <load_address>0xd2e4</load_address>
         <run_address>0xd2e4</run_address>
         <size>0x42</size>
         <input_file_ref idref="fl-90"/>
      </object_component>
      <object_component id="oc-325">
         <name>.text:uart_send</name>
         <load_address>0xd326</load_address>
         <run_address>0xd326</run_address>
         <size>0x42</size>
         <input_file_ref idref="fl-2"/>
      </object_component>
      <object_component id="oc-271">
         <name>.text:__memcpy_far</name>
         <load_address>0xd368</load_address>
         <run_address>0xd368</run_address>
         <size>0x40</size>
         <input_file_ref idref="fl-77"/>
      </object_component>
      <object_component id="oc-36e">
         <name>.text:printf</name>
         <load_address>0xd3a8</load_address>
         <run_address>0xd3a8</run_address>
         <size>0x40</size>
         <input_file_ref idref="fl-24"/>
      </object_component>
      <object_component id="oc-282">
         <name>.text:decompress:ZI:__TI_zero_init_nomemset:__TI_zero_init_nomemset</name>
         <load_address>0xd3e8</load_address>
         <run_address>0xd3e8</run_address>
         <size>0x3e</size>
         <input_file_ref idref="fl-4c"/>
      </object_component>
      <object_component id="oc-5c1">
         <name>.text:l_lsl_const</name>
         <load_address>0xd426</load_address>
         <run_address>0xd426</run_address>
         <size>0x3e</size>
         <input_file_ref idref="fl-78"/>
      </object_component>
      <object_component id="oc-6e">
         <name>.text:decompress:none:__TI_decompress_none</name>
         <load_address>0xd464</load_address>
         <run_address>0xd464</run_address>
         <size>0x3c</size>
         <input_file_ref idref="fl-54"/>
      </object_component>
      <object_component id="oc-382">
         <name>.text:sprintf</name>
         <load_address>0xd4a0</load_address>
         <run_address>0xd4a0</run_address>
         <size>0x38</size>
         <input_file_ref idref="fl-26"/>
      </object_component>
      <object_component id="oc-4f0">
         <name>.text:__TI_cleanup</name>
         <load_address>0xd4d8</load_address>
         <run_address>0xd4d8</run_address>
         <size>0x32</size>
         <input_file_ref idref="fl-73"/>
      </object_component>
      <object_component id="oc-2d9">
         <name>.text:main</name>
         <load_address>0xd50a</load_address>
         <run_address>0xd50a</run_address>
         <size>0x32</size>
         <input_file_ref idref="fl-3"/>
      </object_component>
      <object_component id="oc-5ae">
         <name>.text:__TI_writemsg</name>
         <load_address>0xd53c</load_address>
         <run_address>0xd53c</run_address>
         <size>0x2e</size>
         <input_file_ref idref="fl-92"/>
      </object_component>
      <object_component id="oc-5e2">
         <name>.text:finddevice</name>
         <load_address>0xd56a</load_address>
         <run_address>0xd56a</run_address>
         <size>0x2e</size>
         <input_file_ref idref="fl-81"/>
      </object_component>
      <object_component id="oc-5b4">
         <name>.text:__TI_readmsg</name>
         <load_address>0xd598</load_address>
         <run_address>0xd598</run_address>
         <size>0x2c</size>
         <input_file_ref idref="fl-92"/>
      </object_component>
      <object_component id="oc-5dc">
         <name>.text:strncpy</name>
         <load_address>0xd5c4</load_address>
         <run_address>0xd5c4</run_address>
         <size>0x2c</size>
         <input_file_ref idref="fl-85"/>
      </object_component>
      <object_component id="oc-307">
         <name>.text:spi_init</name>
         <load_address>0xd5f0</load_address>
         <run_address>0xd5f0</run_address>
         <size>0x2a</size>
         <input_file_ref idref="fl-2"/>
      </object_component>
      <object_component id="oc-561">
         <name>.text:unlink</name>
         <load_address>0xd61a</load_address>
         <run_address>0xd61a</run_address>
         <size>0x2a</size>
         <input_file_ref idref="fl-8a"/>
      </object_component>
      <object_component id="oc-51f">
         <name>.text:free_list_insert</name>
         <load_address>0xd644</load_address>
         <run_address>0xd644</run_address>
         <size>0x28</size>
         <input_file_ref idref="fl-6b"/>
      </object_component>
      <object_component id="oc-4d7">
         <name>.text:lseek</name>
         <load_address>0xd66c</load_address>
         <run_address>0xd66c</run_address>
         <size>0x26</size>
         <input_file_ref idref="fl-7f"/>
      </object_component>
      <object_component id="oc-49b">
         <name>.text:memccpy</name>
         <load_address>0xd692</load_address>
         <run_address>0xd692</run_address>
         <size>0x22</size>
         <input_file_ref idref="fl-68"/>
      </object_component>
      <object_component id="oc-30d">
         <name>.text:uart_init</name>
         <load_address>0xd6b4</load_address>
         <run_address>0xd6b4</run_address>
         <size>0x22</size>
         <input_file_ref idref="fl-2"/>
      </object_component>
      <object_component id="oc-294">
         <name>.text:_isr:_c_int00_noargs</name>
         <load_address>0xd6d6</load_address>
         <run_address>0xd6d6</run_address>
         <size>0x1c</size>
         <input_file_ref idref="fl-4a"/>
      </object_component>
      <object_component id="oc-519">
         <name>.text:free_list_remove</name>
         <load_address>0xd6f2</load_address>
         <run_address>0xd6f2</run_address>
         <size>0x1c</size>
         <input_file_ref idref="fl-6b"/>
      </object_component>
      <object_component id="oc-5d6">
         <name>.text:strchr</name>
         <load_address>0xd70e</load_address>
         <run_address>0xd70e</run_address>
         <size>0x1a</size>
         <input_file_ref idref="fl-6d"/>
      </object_component>
      <object_component id="oc-3e2">
         <name>.text:_outs</name>
         <load_address>0xd728</load_address>
         <run_address>0xd728</run_address>
         <size>0x18</size>
         <input_file_ref idref="fl-26"/>
      </object_component>
      <object_component id="oc-419">
         <name>.text</name>
         <load_address>0xd740</load_address>
         <run_address>0xd740</run_address>
         <size>0x18</size>
         <input_file_ref idref="fl-45"/>
      </object_component>
      <object_component id="oc-60c">
         <name>.text:strcmp</name>
         <load_address>0xd758</load_address>
         <run_address>0xd758</run_address>
         <size>0x18</size>
         <input_file_ref idref="fl-84"/>
      </object_component>
      <object_component id="oc-4ca">
         <name>.text</name>
         <load_address>0xd770</load_address>
         <run_address>0xd770</run_address>
         <size>0x16</size>
         <input_file_ref idref="fl-2f"/>
      </object_component>
      <object_component id="oc-47c">
         <name>.text:memchr</name>
         <load_address>0xd786</load_address>
         <run_address>0xd786</run_address>
         <size>0x14</size>
         <input_file_ref idref="fl-69"/>
      </object_component>
      <object_component id="oc-48e">
         <name>.text:memset</name>
         <load_address>0xd79a</load_address>
         <run_address>0xd79a</run_address>
         <size>0x14</size>
         <input_file_ref idref="fl-6c"/>
      </object_component>
      <object_component id="oc-313">
         <name>.text:uart_print</name>
         <load_address>0xd7ae</load_address>
         <run_address>0xd7ae</run_address>
         <size>0x14</size>
         <input_file_ref idref="fl-2"/>
      </object_component>
      <object_component id="oc-3e8">
         <name>.text:_outc</name>
         <load_address>0xd7c2</load_address>
         <run_address>0xd7c2</run_address>
         <size>0x12</size>
         <input_file_ref idref="fl-26"/>
      </object_component>
      <object_component id="oc-319">
         <name>.text:config_write_PMODALS</name>
         <load_address>0xd7d4</load_address>
         <run_address>0xd7d4</run_address>
         <size>0x12</size>
         <input_file_ref idref="fl-2"/>
      </object_component>
      <object_component id="oc-41e">
         <name>.text:memcpy</name>
         <load_address>0xd7e6</load_address>
         <run_address>0xd7e6</run_address>
         <size>0x12</size>
         <input_file_ref idref="fl-6a"/>
      </object_component>
      <object_component id="oc-5ca">
         <name>.text:strcpy</name>
         <load_address>0xd7f8</load_address>
         <run_address>0xd7f8</run_address>
         <size>0x10</size>
         <input_file_ref idref="fl-93"/>
      </object_component>
      <object_component id="oc-31f">
         <name>.text:read</name>
         <load_address>0xd808</load_address>
         <run_address>0xd808</run_address>
         <size>0xe</size>
         <input_file_ref idref="fl-2"/>
      </object_component>
      <object_component id="oc-43d">
         <name>.text:strlen</name>
         <load_address>0xd816</load_address>
         <run_address>0xd816</run_address>
         <size>0xe</size>
         <input_file_ref idref="fl-6e"/>
      </object_component>
      <object_component id="oc-38b">
         <name>.text:uart_send_byte</name>
         <load_address>0xd824</load_address>
         <run_address>0xd824</run_address>
         <size>0xe</size>
         <input_file_ref idref="fl-2"/>
      </object_component>
      <object_component id="oc-375">
         <name>.text:write</name>
         <load_address>0xd832</load_address>
         <run_address>0xd832</run_address>
         <size>0xe</size>
         <input_file_ref idref="fl-2"/>
      </object_component>
      <object_component id="oc-27d">
         <name>.text:_isr:__TI_ISR_TRAP</name>
         <load_address>0xd840</load_address>
         <run_address>0xd840</run_address>
         <size>0x8</size>
         <input_file_ref idref="fl-43"/>
      </object_component>
      <object_component id="oc-4ea">
         <name>.text:malloc</name>
         <load_address>0xd848</load_address>
         <run_address>0xd848</run_address>
         <size>0x8</size>
         <input_file_ref idref="fl-6b"/>
      </object_component>
      <object_component id="oc-3ce">
         <name>.text:_outc</name>
         <load_address>0xd850</load_address>
         <run_address>0xd850</run_address>
         <size>0x6</size>
         <input_file_ref idref="fl-24"/>
      </object_component>
      <object_component id="oc-32c">
         <name>.text:abort</name>
         <load_address>0xd856</load_address>
         <run_address>0xd856</run_address>
         <size>0x6</size>
         <input_file_ref idref="fl-61"/>
      </object_component>
      <object_component id="oc-3c8">
         <name>.text:_outs</name>
         <load_address>0xd85c</load_address>
         <run_address>0xd85c</run_address>
         <size>0x4</size>
         <input_file_ref idref="fl-24"/>
      </object_component>
      <object_component id="oc-2d3">
         <name>.text:_system_pre_init</name>
         <load_address>0xd860</load_address>
         <run_address>0xd860</run_address>
         <size>0x4</size>
         <input_file_ref idref="fl-52"/>
      </object_component>
      <object_component id="oc-3fa">
         <name>.text:_nop</name>
         <load_address>0xd864</load_address>
         <run_address>0xd864</run_address>
         <size>0x2</size>
         <input_file_ref idref="fl-62"/>
      </object_component>
      <object_component id="oc-3a4">
         <name>.text:_system_post_cinit</name>
         <load_address>0xd866</load_address>
         <run_address>0xd866</run_address>
         <size>0x2</size>
         <input_file_ref idref="fl-53"/>
      </object_component>
      <object_component id="oc-54b">
         <name>.bss</name>
         <uninitialized>true</uninitialized>
         <run_address>0x22f6</run_address>
         <size>0x2</size>
         <input_file_ref idref="fl-6b"/>
      </object_component>
      <object_component id="oc-388">
         <name>.common:i</name>
         <uninitialized>true</uninitialized>
         <run_address>0x22f8</run_address>
         <size>0x2</size>
      </object_component>
      <object_component id="oc-560">
         <name>.common:__TI_tmpnams</name>
         <uninitialized>true</uninitialized>
         <run_address>0x224e</run_address>
         <size>0xa0</size>
      </object_component>
      <object_component id="oc-5ab">
         <name>.common:parmbuf</name>
         <uninitialized>true</uninitialized>
         <run_address>0x22ee</run_address>
         <size>0x8</size>
      </object_component>
      <object_component id="oc-39c">
         <name>.data:__TI_cleanup_ptr</name>
         <load_address>0x2118</load_address>
         <run_address>0x2118</run_address>
         <size>0x4</size>
         <input_file_ref idref="fl-4d"/>
      </object_component>
      <object_component id="oc-399">
         <name>.data:__TI_dtors_ptr</name>
         <load_address>0x211c</load_address>
         <run_address>0x211c</run_address>
         <size>0x4</size>
         <input_file_ref idref="fl-4d"/>
      </object_component>
      <object_component id="oc-393">
         <name>.data</name>
         <load_address>0x212a</load_address>
         <run_address>0x212a</run_address>
         <size>0x2</size>
         <input_file_ref idref="fl-61"/>
      </object_component>
      <object_component id="oc-396">
         <name>.data:_lock</name>
         <load_address>0x2120</load_address>
         <run_address>0x2120</run_address>
         <size>0x4</size>
         <input_file_ref idref="fl-62"/>
      </object_component>
      <object_component id="oc-39f">
         <name>.data:_unlock</name>
         <load_address>0x2124</load_address>
         <run_address>0x2124</run_address>
         <size>0x4</size>
         <input_file_ref idref="fl-62"/>
      </object_component>
      <object_component id="oc-3c5">
         <name>.data:_ftable</name>
         <load_address>0x2078</load_address>
         <run_address>0x2078</run_address>
         <size>0x78</size>
         <input_file_ref idref="fl-67"/>
      </object_component>
      <object_component id="oc-533">
         <name>.data</name>
         <load_address>0x2128</load_address>
         <run_address>0x2128</run_address>
         <size>0x2</size>
         <input_file_ref idref="fl-67"/>
      </object_component>
      <object_component id="oc-550">
         <name>.data</name>
         <load_address>0x212c</load_address>
         <run_address>0x212c</run_address>
         <size>0x2</size>
         <input_file_ref idref="fl-6b"/>
      </object_component>
      <object_component id="oc-53e">
         <name>.data:_device</name>
         <load_address>0x2000</load_address>
         <run_address>0x2000</run_address>
         <size>0x78</size>
         <input_file_ref idref="fl-86"/>
      </object_component>
      <object_component id="oc-50d">
         <name>.data:_stream</name>
         <load_address>0x20f0</load_address>
         <run_address>0x20f0</run_address>
         <size>0x28</size>
         <input_file_ref idref="fl-86"/>
      </object_component>
      <object_component id="oc-5f3">
         <name>.cio</name>
         <uninitialized>true</uninitialized>
         <run_address>0x212e</run_address>
         <size>0x120</size>
         <input_file_ref idref="fl-92"/>
      </object_component>
      <object_component id="oc-263">
         <name>.sysmem</name>
         <uninitialized>true</uninitialized>
         <run_address>0x22fc</run_address>
         <size>0x8</size>
         <input_file_ref idref="fl-6b"/>
      </object_component>
      <object_component id="oc-695">
         <name>.sysmem</name>
         <uninitialized>true</uninitialized>
         <run_address>0x22fc</run_address>
         <size>0x0</size>
      </object_component>
      <object_component id="oc-25f">
         <name>.stack</name>
         <uninitialized>true</uninitialized>
         <run_address>0x2f60</run_address>
         <size>0x2</size>
         <input_file_ref idref="fl-4a"/>
      </object_component>
      <object_component id="oc-694">
         <name>.stack</name>
         <uninitialized>true</uninitialized>
         <run_address>0x2f60</run_address>
         <size>0x0</size>
      </object_component>
      <object_component id="oc-74">
         <name>.int41</name>
         <load_address>0xffda</load_address>
         <run_address>0xffda</run_address>
         <size>0x2</size>
         <input_file_ref idref="fl-31"/>
      </object_component>
      <object_component id="oc-75">
         <name>.int42</name>
         <load_address>0xffdc</load_address>
         <run_address>0xffdc</run_address>
         <size>0x2</size>
         <input_file_ref idref="fl-32"/>
      </object_component>
      <object_component id="oc-76">
         <name>.int43</name>
         <load_address>0xffde</load_address>
         <run_address>0xffde</run_address>
         <size>0x2</size>
         <input_file_ref idref="fl-33"/>
      </object_component>
      <object_component id="oc-77">
         <name>.int44</name>
         <load_address>0xffe0</load_address>
         <run_address>0xffe0</run_address>
         <size>0x2</size>
         <input_file_ref idref="fl-34"/>
      </object_component>
      <object_component id="oc-78">
         <name>.int45</name>
         <load_address>0xffe2</load_address>
         <run_address>0xffe2</run_address>
         <size>0x2</size>
         <input_file_ref idref="fl-35"/>
      </object_component>
      <object_component id="oc-79">
         <name>.int46</name>
         <load_address>0xffe4</load_address>
         <run_address>0xffe4</run_address>
         <size>0x2</size>
         <input_file_ref idref="fl-36"/>
      </object_component>
      <object_component id="oc-7a">
         <name>.int47</name>
         <load_address>0xffe6</load_address>
         <run_address>0xffe6</run_address>
         <size>0x2</size>
         <input_file_ref idref="fl-37"/>
      </object_component>
      <object_component id="oc-7b">
         <name>.int48</name>
         <load_address>0xffe8</load_address>
         <run_address>0xffe8</run_address>
         <size>0x2</size>
         <input_file_ref idref="fl-38"/>
      </object_component>
      <object_component id="oc-7c">
         <name>.int49</name>
         <load_address>0xffea</load_address>
         <run_address>0xffea</run_address>
         <size>0x2</size>
         <input_file_ref idref="fl-39"/>
      </object_component>
      <object_component id="oc-7d">
         <name>.int50</name>
         <load_address>0xffec</load_address>
         <run_address>0xffec</run_address>
         <size>0x2</size>
         <input_file_ref idref="fl-3a"/>
      </object_component>
      <object_component id="oc-7e">
         <name>.int51</name>
         <load_address>0xffee</load_address>
         <run_address>0xffee</run_address>
         <size>0x2</size>
         <input_file_ref idref="fl-3b"/>
      </object_component>
      <object_component id="oc-7f">
         <name>.int52</name>
         <load_address>0xfff0</load_address>
         <run_address>0xfff0</run_address>
         <size>0x2</size>
         <input_file_ref idref="fl-3c"/>
      </object_component>
      <object_component id="oc-80">
         <name>.int53</name>
         <load_address>0xfff2</load_address>
         <run_address>0xfff2</run_address>
         <size>0x2</size>
         <input_file_ref idref="fl-3d"/>
      </object_component>
      <object_component id="oc-81">
         <name>.int54</name>
         <load_address>0xfff4</load_address>
         <run_address>0xfff4</run_address>
         <size>0x2</size>
         <input_file_ref idref="fl-3e"/>
      </object_component>
      <object_component id="oc-82">
         <name>.int55</name>
         <load_address>0xfff6</load_address>
         <run_address>0xfff6</run_address>
         <size>0x2</size>
         <input_file_ref idref="fl-3f"/>
      </object_component>
      <object_component id="oc-83">
         <name>.int56</name>
         <load_address>0xfff8</load_address>
         <run_address>0xfff8</run_address>
         <size>0x2</size>
         <input_file_ref idref="fl-40"/>
      </object_component>
      <object_component id="oc-84">
         <name>.int57</name>
         <load_address>0xfffa</load_address>
         <run_address>0xfffa</run_address>
         <size>0x2</size>
         <input_file_ref idref="fl-41"/>
      </object_component>
      <object_component id="oc-85">
         <name>.int58</name>
         <load_address>0xfffc</load_address>
         <run_address>0xfffc</run_address>
         <size>0x2</size>
         <input_file_ref idref="fl-42"/>
      </object_component>
      <object_component id="oc-262">
         <name>.reset</name>
         <load_address>0xfffe</load_address>
         <run_address>0xfffe</run_address>
         <size>0x2</size>
         <input_file_ref idref="fl-4a"/>
      </object_component>
      <object_component id="oc-389">
         <name>.debug_info</name>
         <load_address>0x0</load_address>
         <run_address>0x0</run_address>
         <size>0x3ad</size>
         <input_file_ref idref="fl-2"/>
      </object_component>
      <object_component id="oc-377">
         <name>.debug_info</name>
         <load_address>0x3ad</load_address>
         <run_address>0x3ad</run_address>
         <size>0x11d</size>
         <input_file_ref idref="fl-2"/>
      </object_component>
      <object_component id="oc-38d">
         <name>.debug_info</name>
         <load_address>0x4ca</load_address>
         <run_address>0x4ca</run_address>
         <size>0x12f</size>
         <input_file_ref idref="fl-2"/>
      </object_component>
      <object_component id="oc-327">
         <name>.debug_info</name>
         <load_address>0x5f9</load_address>
         <run_address>0x5f9</run_address>
         <size>0x154</size>
         <input_file_ref idref="fl-2"/>
      </object_component>
      <object_component id="oc-314">
         <name>.debug_info</name>
         <load_address>0x74d</load_address>
         <run_address>0x74d</run_address>
         <size>0x134</size>
         <input_file_ref idref="fl-2"/>
      </object_component>
      <object_component id="oc-30e">
         <name>.debug_info</name>
         <load_address>0x881</load_address>
         <run_address>0x881</run_address>
         <size>0x103</size>
         <input_file_ref idref="fl-2"/>
      </object_component>
      <object_component id="oc-308">
         <name>.debug_info</name>
         <load_address>0x984</load_address>
         <run_address>0x984</run_address>
         <size>0x101</size>
         <input_file_ref idref="fl-2"/>
      </object_component>
      <object_component id="oc-320">
         <name>.debug_info</name>
         <load_address>0xa85</load_address>
         <run_address>0xa85</run_address>
         <size>0xfd</size>
         <input_file_ref idref="fl-2"/>
      </object_component>
      <object_component id="oc-31a">
         <name>.debug_info</name>
         <load_address>0xb82</load_address>
         <run_address>0xb82</run_address>
         <size>0x15b</size>
         <input_file_ref idref="fl-2"/>
      </object_component>
      <object_component id="oc-3f2">
         <name>.debug_info</name>
         <load_address>0xcdd</load_address>
         <run_address>0xcdd</run_address>
         <size>0x26b</size>
         <input_file_ref idref="fl-2"/>
      </object_component>
      <object_component id="oc-26c">
         <name>.debug_info</name>
         <load_address>0xf48</load_address>
         <run_address>0xf48</run_address>
         <size>0x84</size>
         <input_file_ref idref="fl-2"/>
      </object_component>
      <object_component id="oc-3dd">
         <name>.debug_info</name>
         <load_address>0xfcc</load_address>
         <run_address>0xfcc</run_address>
         <size>0x282</size>
         <input_file_ref idref="fl-2"/>
      </object_component>
      <object_component id="oc-37c">
         <name>.debug_info</name>
         <load_address>0x124e</load_address>
         <run_address>0x124e</run_address>
         <size>0xbb</size>
         <input_file_ref idref="fl-2"/>
      </object_component>
      <object_component id="oc-44b">
         <name>.debug_info</name>
         <load_address>0x1309</load_address>
         <run_address>0x1309</run_address>
         <size>0x2c</size>
         <input_file_ref idref="fl-2"/>
      </object_component>
      <object_component id="oc-2dc">
         <name>.debug_info</name>
         <load_address>0x1335</load_address>
         <run_address>0x1335</run_address>
         <size>0x166</size>
         <input_file_ref idref="fl-3"/>
      </object_component>
      <object_component id="oc-3db">
         <name>.debug_info</name>
         <load_address>0x149b</load_address>
         <run_address>0x149b</run_address>
         <size>0x2bd</size>
         <input_file_ref idref="fl-24"/>
      </object_component>
      <object_component id="oc-3d2">
         <name>.debug_info</name>
         <load_address>0x1758</load_address>
         <run_address>0x1758</run_address>
         <size>0x162</size>
         <input_file_ref idref="fl-24"/>
      </object_component>
      <object_component id="oc-3cb">
         <name>.debug_info</name>
         <load_address>0x18ba</load_address>
         <run_address>0x18ba</run_address>
         <size>0x166</size>
         <input_file_ref idref="fl-24"/>
      </object_component>
      <object_component id="oc-371">
         <name>.debug_info</name>
         <load_address>0x1a20</load_address>
         <run_address>0x1a20</run_address>
         <size>0x184</size>
         <input_file_ref idref="fl-24"/>
      </object_component>
      <object_component id="oc-457">
         <name>.debug_info</name>
         <load_address>0x1ba4</load_address>
         <run_address>0x1ba4</run_address>
         <size>0xb2</size>
         <input_file_ref idref="fl-24"/>
      </object_component>
      <object_component id="oc-44a">
         <name>.debug_info</name>
         <load_address>0x1c56</load_address>
         <run_address>0x1c56</run_address>
         <size>0x434</size>
         <input_file_ref idref="fl-25"/>
      </object_component>
      <object_component id="oc-496">
         <name>.debug_info</name>
         <load_address>0x208a</load_address>
         <run_address>0x208a</run_address>
         <size>0x2d3</size>
         <input_file_ref idref="fl-25"/>
      </object_component>
      <object_component id="oc-444">
         <name>.debug_info</name>
         <load_address>0x235d</load_address>
         <run_address>0x235d</run_address>
         <size>0x2dc</size>
         <input_file_ref idref="fl-25"/>
      </object_component>
      <object_component id="oc-3d5">
         <name>.debug_info</name>
         <load_address>0x2639</load_address>
         <run_address>0x2639</run_address>
         <size>0x33d</size>
         <input_file_ref idref="fl-25"/>
      </object_component>
      <object_component id="oc-450">
         <name>.debug_info</name>
         <load_address>0x2976</load_address>
         <run_address>0x2976</run_address>
         <size>0x86</size>
         <input_file_ref idref="fl-25"/>
      </object_component>
      <object_component id="oc-4d0">
         <name>.debug_info</name>
         <load_address>0x29fc</load_address>
         <run_address>0x29fc</run_address>
         <size>0xa1</size>
         <input_file_ref idref="fl-25"/>
      </object_component>
      <object_component id="oc-4a9">
         <name>.debug_info</name>
         <load_address>0x2a9d</load_address>
         <run_address>0x2a9d</run_address>
         <size>0x39</size>
         <input_file_ref idref="fl-25"/>
      </object_component>
      <object_component id="oc-4a4">
         <name>.debug_info</name>
         <load_address>0x2ad6</load_address>
         <run_address>0x2ad6</run_address>
         <size>0x2c</size>
         <input_file_ref idref="fl-25"/>
      </object_component>
      <object_component id="oc-539">
         <name>.debug_info</name>
         <load_address>0x2b02</load_address>
         <run_address>0x2b02</run_address>
         <size>0x7a</size>
         <input_file_ref idref="fl-25"/>
      </object_component>
      <object_component id="oc-506">
         <name>.debug_info</name>
         <load_address>0x2b7c</load_address>
         <run_address>0x2b7c</run_address>
         <size>0x46</size>
         <input_file_ref idref="fl-25"/>
      </object_component>
      <object_component id="oc-3ef">
         <name>.debug_info</name>
         <load_address>0x2bc2</load_address>
         <run_address>0x2bc2</run_address>
         <size>0x20b</size>
         <input_file_ref idref="fl-26"/>
      </object_component>
      <object_component id="oc-383">
         <name>.debug_info</name>
         <load_address>0x2dcd</load_address>
         <run_address>0x2dcd</run_address>
         <size>0x1c2</size>
         <input_file_ref idref="fl-26"/>
      </object_component>
      <object_component id="oc-3e3">
         <name>.debug_info</name>
         <load_address>0x2f8f</load_address>
         <run_address>0x2f8f</run_address>
         <size>0x198</size>
         <input_file_ref idref="fl-26"/>
      </object_component>
      <object_component id="oc-3ea">
         <name>.debug_info</name>
         <load_address>0x3127</load_address>
         <run_address>0x3127</run_address>
         <size>0x16d</size>
         <input_file_ref idref="fl-26"/>
      </object_component>
      <object_component id="oc-48b">
         <name>.debug_info</name>
         <load_address>0x3294</load_address>
         <run_address>0x3294</run_address>
         <size>0x25b</size>
         <input_file_ref idref="fl-27"/>
      </object_component>
      <object_component id="oc-437">
         <name>.debug_info</name>
         <load_address>0x34ef</load_address>
         <run_address>0x34ef</run_address>
         <size>0x1d0</size>
         <input_file_ref idref="fl-27"/>
      </object_component>
      <object_component id="oc-489">
         <name>.debug_info</name>
         <load_address>0x36bf</load_address>
         <run_address>0x36bf</run_address>
         <size>0x2d4</size>
         <input_file_ref idref="fl-28"/>
      </object_component>
      <object_component id="oc-431">
         <name>.debug_info</name>
         <load_address>0x3993</load_address>
         <run_address>0x3993</run_address>
         <size>0x2c7</size>
         <input_file_ref idref="fl-28"/>
      </object_component>
      <object_component id="oc-468">
         <name>.debug_info</name>
         <load_address>0x3c5a</load_address>
         <run_address>0x3c5a</run_address>
         <size>0x2c</size>
         <input_file_ref idref="fl-28"/>
      </object_component>
      <object_component id="oc-4bd">
         <name>.debug_info</name>
         <load_address>0x3c86</load_address>
         <run_address>0x3c86</run_address>
         <size>0x1d8</size>
         <input_file_ref idref="fl-29"/>
      </object_component>
      <object_component id="oc-477">
         <name>.debug_info</name>
         <load_address>0x3e5e</load_address>
         <run_address>0x3e5e</run_address>
         <size>0x196</size>
         <input_file_ref idref="fl-29"/>
      </object_component>
      <object_component id="oc-4f8">
         <name>.debug_info</name>
         <load_address>0x3ff4</load_address>
         <run_address>0x3ff4</run_address>
         <size>0xbf</size>
         <input_file_ref idref="fl-29"/>
      </object_component>
      <object_component id="oc-4f7">
         <name>.debug_info</name>
         <load_address>0x40b3</load_address>
         <run_address>0x40b3</run_address>
         <size>0x24c</size>
         <input_file_ref idref="fl-2a"/>
      </object_component>
      <object_component id="oc-4b8">
         <name>.debug_info</name>
         <load_address>0x42ff</load_address>
         <run_address>0x42ff</run_address>
         <size>0x1fe</size>
         <input_file_ref idref="fl-2a"/>
      </object_component>
      <object_component id="oc-4cb">
         <name>.debug_info</name>
         <load_address>0x44fd</load_address>
         <run_address>0x44fd</run_address>
         <size>0x121</size>
         <input_file_ref idref="fl-2f"/>
      </object_component>
      <object_component id="oc-27e">
         <name>.debug_info</name>
         <load_address>0x461e</load_address>
         <run_address>0x461e</run_address>
         <size>0x10f</size>
         <input_file_ref idref="fl-43"/>
      </object_component>
      <object_component id="oc-41c">
         <name>.debug_info</name>
         <load_address>0x472d</load_address>
         <run_address>0x472d</run_address>
         <size>0x130</size>
         <input_file_ref idref="fl-45"/>
      </object_component>
      <object_component id="oc-260">
         <name>.debug_info</name>
         <load_address>0x485d</load_address>
         <run_address>0x485d</run_address>
         <size>0x100</size>
         <input_file_ref idref="fl-4a"/>
      </object_component>
      <object_component id="oc-295">
         <name>.debug_info</name>
         <load_address>0x495d</load_address>
         <run_address>0x495d</run_address>
         <size>0x17a</size>
         <input_file_ref idref="fl-4a"/>
      </object_component>
      <object_component id="oc-3ab">
         <name>.debug_info</name>
         <load_address>0x4ad7</load_address>
         <run_address>0x4ad7</run_address>
         <size>0x409</size>
         <input_file_ref idref="fl-4b"/>
      </object_component>
      <object_component id="oc-351">
         <name>.debug_info</name>
         <load_address>0x4ee0</load_address>
         <run_address>0x4ee0</run_address>
         <size>0x216</size>
         <input_file_ref idref="fl-4b"/>
      </object_component>
      <object_component id="oc-40f">
         <name>.debug_info</name>
         <load_address>0x50f6</load_address>
         <run_address>0x50f6</run_address>
         <size>0x39</size>
         <input_file_ref idref="fl-4b"/>
      </object_component>
      <object_component id="oc-426">
         <name>.debug_info</name>
         <load_address>0x512f</load_address>
         <run_address>0x512f</run_address>
         <size>0x2c</size>
         <input_file_ref idref="fl-4b"/>
      </object_component>
      <object_component id="oc-3b6">
         <name>.debug_info</name>
         <load_address>0x515b</load_address>
         <run_address>0x515b</run_address>
         <size>0x2c</size>
         <input_file_ref idref="fl-4b"/>
      </object_component>
      <object_component id="oc-414">
         <name>.debug_info</name>
         <load_address>0x5187</load_address>
         <run_address>0x5187</run_address>
         <size>0xcd</size>
         <input_file_ref idref="fl-4b"/>
      </object_component>
      <object_component id="oc-283">
         <name>.debug_info</name>
         <load_address>0x5254</load_address>
         <run_address>0x5254</run_address>
         <size>0x1d3</size>
         <input_file_ref idref="fl-4c"/>
      </object_component>
      <object_component id="oc-2cd">
         <name>.debug_info</name>
         <load_address>0x5427</load_address>
         <run_address>0x5427</run_address>
         <size>0x46</size>
         <input_file_ref idref="fl-4c"/>
      </object_component>
      <object_component id="oc-405">
         <name>.debug_info</name>
         <load_address>0x546d</load_address>
         <run_address>0x546d</run_address>
         <size>0x103</size>
         <input_file_ref idref="fl-4d"/>
      </object_component>
      <object_component id="oc-39d">
         <name>.debug_info</name>
         <load_address>0x5570</load_address>
         <run_address>0x5570</run_address>
         <size>0x11a</size>
         <input_file_ref idref="fl-4d"/>
      </object_component>
      <object_component id="oc-39a">
         <name>.debug_info</name>
         <load_address>0x568a</load_address>
         <run_address>0x568a</run_address>
         <size>0x116</size>
         <input_file_ref idref="fl-4d"/>
      </object_component>
      <object_component id="oc-2d6">
         <name>.debug_info</name>
         <load_address>0x57a0</load_address>
         <run_address>0x57a0</run_address>
         <size>0x153</size>
         <input_file_ref idref="fl-52"/>
      </object_component>
      <object_component id="oc-3a5">
         <name>.debug_info</name>
         <load_address>0x58f3</load_address>
         <run_address>0x58f3</run_address>
         <size>0x150</size>
         <input_file_ref idref="fl-53"/>
      </object_component>
      <object_component id="oc-27c">
         <name>.debug_info</name>
         <load_address>0x5a43</load_address>
         <run_address>0x5a43</run_address>
         <size>0x1da</size>
         <input_file_ref idref="fl-54"/>
      </object_component>
      <object_component id="oc-6f">
         <name>.debug_info</name>
         <load_address>0x5c1d</load_address>
         <run_address>0x5c1d</run_address>
         <size>0x1f2</size>
         <input_file_ref idref="fl-54"/>
      </object_component>
      <object_component id="oc-277">
         <name>.debug_info</name>
         <load_address>0x5e0f</load_address>
         <run_address>0x5e0f</run_address>
         <size>0x46</size>
         <input_file_ref idref="fl-54"/>
      </object_component>
      <object_component id="oc-6a">
         <name>.debug_info</name>
         <load_address>0x5e55</load_address>
         <run_address>0x5e55</run_address>
         <size>0x2b8</size>
         <input_file_ref idref="fl-55"/>
      </object_component>
      <object_component id="oc-301">
         <name>.debug_info</name>
         <load_address>0x610d</load_address>
         <run_address>0x610d</run_address>
         <size>0x46</size>
         <input_file_ref idref="fl-55"/>
      </object_component>
      <object_component id="oc-2c3">
         <name>.debug_info</name>
         <load_address>0x6153</load_address>
         <run_address>0x6153</run_address>
         <size>0x39</size>
         <input_file_ref idref="fl-55"/>
      </object_component>
      <object_component id="oc-267">
         <name>.debug_info</name>
         <load_address>0x618c</load_address>
         <run_address>0x618c</run_address>
         <size>0x60</size>
         <input_file_ref idref="fl-55"/>
      </object_component>
      <object_component id="oc-3a3">
         <name>.debug_info</name>
         <load_address>0x61ec</load_address>
         <run_address>0x61ec</run_address>
         <size>0x22e</size>
         <input_file_ref idref="fl-61"/>
      </object_component>
      <object_component id="oc-394">
         <name>.debug_info</name>
         <load_address>0x641a</load_address>
         <run_address>0x641a</run_address>
         <size>0x132</size>
         <input_file_ref idref="fl-61"/>
      </object_component>
      <object_component id="oc-330">
         <name>.debug_info</name>
         <load_address>0x654c</load_address>
         <run_address>0x654c</run_address>
         <size>0x122</size>
         <input_file_ref idref="fl-61"/>
      </object_component>
      <object_component id="oc-336">
         <name>.debug_info</name>
         <load_address>0x666e</load_address>
         <run_address>0x666e</run_address>
         <size>0x197</size>
         <input_file_ref idref="fl-61"/>
      </object_component>
      <object_component id="oc-402">
         <name>.debug_info</name>
         <load_address>0x6805</load_address>
         <run_address>0x6805</run_address>
         <size>0x163</size>
         <input_file_ref idref="fl-62"/>
      </object_component>
      <object_component id="oc-397">
         <name>.debug_info</name>
         <load_address>0x6968</load_address>
         <run_address>0x6968</run_address>
         <size>0xff</size>
         <input_file_ref idref="fl-62"/>
      </object_component>
      <object_component id="oc-3a0">
         <name>.debug_info</name>
         <load_address>0x6a67</load_address>
         <run_address>0x6a67</run_address>
         <size>0x103</size>
         <input_file_ref idref="fl-62"/>
      </object_component>
      <object_component id="oc-3fe">
         <name>.debug_info</name>
         <load_address>0x6b6a</load_address>
         <run_address>0x6b6a</run_address>
         <size>0x12e</size>
         <input_file_ref idref="fl-62"/>
      </object_component>
      <object_component id="oc-42d">
         <name>.debug_info</name>
         <load_address>0x6c98</load_address>
         <run_address>0x6c98</run_address>
         <size>0x13e</size>
         <input_file_ref idref="fl-67"/>
      </object_component>
      <object_component id="oc-3c6">
         <name>.debug_info</name>
         <load_address>0x6dd6</load_address>
         <run_address>0x6dd6</run_address>
         <size>0x102</size>
         <input_file_ref idref="fl-67"/>
      </object_component>
      <object_component id="oc-534">
         <name>.debug_info</name>
         <load_address>0x6ed8</load_address>
         <run_address>0x6ed8</run_address>
         <size>0x10a</size>
         <input_file_ref idref="fl-67"/>
      </object_component>
      <object_component id="oc-4d6">
[...]
         <name>WDTCTL_H</name>
         <value>0x1cd</value>
      </symbol>
      <symbol id="sm-1d8">
         <name>__TI_CINIT_Base</name>
         <value>0xc548</value>
      </symbol>
      <symbol id="sm-1d9">
         <name>__TI_CINIT_Limit</name>
         <value>0xc558</value>
      </symbol>
      <symbol id="sm-1da">
         <name>__TI_CINIT_Warm</name>
         <value>0xc558</value>
      </symbol>
      <symbol id="sm-1db">
         <name>__TI_Handler_Table_Base</name>
         <value>0xc536</value>
      </symbol>
      <symbol id="sm-1dc">
         <name>__TI_Handler_Table_Limit</name>
         <value>0xc542</value>
      </symbol>
      <symbol id="sm-1dd">
         <name>__STACK_SIZE</name>
         <value>0xa0</value>
      </symbol>
      <symbol id="sm-1de">
         <name>__STACK_END</name>
         <value>0x3000</value>
      </symbol>
      <symbol id="sm-1df">
         <name>__SYSMEM_SIZE</name>
         <value>0xa0</value>
      </symbol>
      <symbol id="sm-1e0">
         <name>__c_args__</name>
         <value>0xffffffff</value>
      </symbol>
      <symbol id="sm-1e1">
         <name>__TI_pprof_out_hndl</name>
         <value>0xffffffff</value>
      </symbol>
      <symbol id="sm-1e2">
         <name>__TI_prof_data_start</name>
         <value>0xffffffff</value>
      </symbol>
      <symbol id="sm-1e3">
         <name>__TI_prof_data_size</name>
         <value>0xffffffff</value>
      </symbol>
      <symbol id="sm-299">
         <name>i</name>
         <value>0x22f8</value>
      </symbol>
      <symbol id="sm-29a">
         <name>uart_send_byte</name>
         <value>0xd824</value>
         <object_component_ref idref="oc-38b"/>
      </symbol>
      <symbol id="sm-29b">
         <name>uart_send</name>
         <value>0xd326</value>
         <object_component_ref idref="oc-325"/>
      </symbol>
      <symbol id="sm-29c">
         <name>spi_init</name>
         <value>0xd5f0</value>
         <object_component_ref idref="oc-307"/>
      </symbol>
      <symbol id="sm-29d">
         <name>config_write_PMODALS</name>
         <value>0xd7d4</value>
         <object_component_ref idref="oc-319"/>
      </symbol>
      <symbol id="sm-29e">
         <name>uart_init</name>
         <value>0xd6b4</value>
         <object_component_ref idref="oc-30d"/>
      </symbol>
      <symbol id="sm-29f">
         <name>read</name>
         <value>0xd808</value>
         <object_component_ref idref="oc-31f"/>
      </symbol>
      <symbol id="sm-2a0">
         <name>write</name>
         <value>0xd832</value>
         <object_component_ref idref="oc-375"/>
      </symbol>
      <symbol id="sm-2a1">
         <name>uart_print</name>
         <value>0xd7ae</value>
         <object_component_ref idref="oc-313"/>
      </symbol>
      <symbol id="sm-2ab">
         <name>main</name>
         <value>0xd50a</value>
         <object_component_ref idref="oc-2d9"/>
      </symbol>
      <symbol id="sm-2ce">
         <name>printf</name>
         <value>0xd3a8</value>
         <object_component_ref idref="oc-36e"/>
      </symbol>
      <symbol id="sm-32c">
         <name>__TI_printfi_minimal</name>
         <value>0xc87c</value>
         <object_component_ref idref="oc-3d4"/>
      </symbol>
      <symbol id="sm-348">
         <name>sprintf</name>
         <value>0xd4a0</value>
         <object_component_ref idref="oc-382"/>
      </symbol>
      <symbol id="sm-35b">
         <name>putc</name>
         <value>0xcc9e</value>
         <object_component_ref idref="oc-436"/>
      </symbol>
      <symbol id="sm-35c">
         <name>fputc</name>
         <value>0xcc9e</value>
         <object_component_ref idref="oc-436"/>
      </symbol>
      <symbol id="sm-379">
         <name>fputs</name>
         <value>0xc95e</value>
         <object_component_ref idref="oc-42f"/>
      </symbol>
      <symbol id="sm-391">
         <name>__TI_wrt_ok</name>
         <value>0xcdac</value>
         <object_component_ref idref="oc-476"/>
      </symbol>
      <symbol id="sm-3a9">
         <name>setvbuf</name>
         <value>0xcb0e</value>
         <object_component_ref idref="oc-4b6"/>
      </symbol>
      <symbol id="sm-3b7">
         <name>__mspabi_remu</name>
         <value>0xd770</value>
         <object_component_ref idref="oc-4ca"/>
      </symbol>
      <symbol id="sm-3b8">
         <name>__mspabi_divu</name>
         <value>0xd770</value>
         <object_component_ref idref="oc-4ca"/>
      </symbol>
      <symbol id="sm-3bc">
         <name>__TI_int41</name>
         <value>0xffda</value>
         <object_component_ref idref="oc-74"/>
      </symbol>
      <symbol id="sm-3bf">
         <name>__TI_int42</name>
         <value>0xffdc</value>
         <object_component_ref idref="oc-75"/>
      </symbol>
      <symbol id="sm-3c2">
         <name>__TI_int43</name>
         <value>0xffde</value>
         <object_component_ref idref="oc-76"/>
      </symbol>
      <symbol id="sm-3c5">
         <name>__TI_int44</name>
         <value>0xffe0</value>
         <object_component_ref idref="oc-77"/>
      </symbol>
      <symbol id="sm-3c8">
         <name>__TI_int45</name>
         <value>0xffe2</value>
         <object_component_ref idref="oc-78"/>
      </symbol>
      <symbol id="sm-3cb">
         <name>__TI_int46</name>
         <value>0xffe4</value>
         <object_component_ref idref="oc-79"/>
      </symbol>
      <symbol id="sm-3ce">
         <name>__TI_int47</name>
         <value>0xffe6</value>
         <object_component_ref idref="oc-7a"/>
      </symbol>
      <symbol id="sm-3d1">
         <name>__TI_int48</name>
         <value>0xffe8</value>
         <object_component_ref idref="oc-7b"/>
      </symbol>
      <symbol id="sm-3d4">
         <name>__TI_int49</name>
         <value>0xffea</value>
         <object_component_ref idref="oc-7c"/>
      </symbol>
      <symbol id="sm-3d7">
         <name>__TI_int50</name>
         <value>0xffec</value>
         <object_component_ref idref="oc-7d"/>
      </symbol>
      <symbol id="sm-3da">
         <name>__TI_int51</name>
         <value>0xffee</value>
         <object_component_ref idref="oc-7e"/>
      </symbol>
      <symbol id="sm-3dd">
         <name>__TI_int52</name>
         <value>0xfff0</value>
         <object_component_ref idref="oc-7f"/>
      </symbol>
      <symbol id="sm-3e0">
         <name>__TI_int53</name>
         <value>0xfff2</value>
         <object_component_ref idref="oc-80"/>
      </symbol>
      <symbol id="sm-3e3">
         <name>__TI_int54</name>
         <value>0xfff4</value>
         <object_component_ref idref="oc-81"/>
      </symbol>
      <symbol id="sm-3e6">
         <name>__TI_int55</name>
         <value>0xfff6</value>
         <object_component_ref idref="oc-82"/>
      </symbol>
      <symbol id="sm-3e9">
         <name>__TI_int56</name>
         <value>0xfff8</value>
         <object_component_ref idref="oc-83"/>
      </symbol>
      <symbol id="sm-3ec">
         <name>__TI_int57</name>
         <value>0xfffa</value>
         <object_component_ref idref="oc-84"/>
      </symbol>
      <symbol id="sm-3ef">
         <name>__TI_int58</name>
         <value>0xfffc</value>
         <object_component_ref idref="oc-85"/>
      </symbol>
      <symbol id="sm-3f7">
         <name>__TI_ISR_TRAP</name>
         <value>0xd840</value>
         <object_component_ref idref="oc-27d"/>
      </symbol>
      <symbol id="sm-400">
         <name>__mspabi_mpyi_f5hw</name>
         <value>0xd740</value>
         <object_component_ref idref="oc-419"/>
      </symbol>
      <symbol id="sm-414">
         <name>_stack</name>
         <value>0x2f60</value>
         <object_component_ref idref="oc-25f"/>
      </symbol>
      <symbol id="sm-415">
         <name>_c_int00_noargs</name>
         <value>0xd6d6</value>
         <object_component_ref idref="oc-294"/>
      </symbol>
      <symbol id="sm-416">
         <name>_reset_vector</name>
         <value>0xfffe</value>
         <object_component_ref idref="oc-262"/>
      </symbol>
      <symbol id="sm-438">
         <name>__TI_auto_init_nobinit_nopinit_hold_wdt</name>
         <value>0xce90</value>
         <object_component_ref idref="oc-350"/>
      </symbol>
      <symbol id="sm-448">
         <name>__TI_zero_init_nomemset</name>
         <value>0xd3e8</value>
         <object_component_ref idref="oc-282"/>
      </symbol>
      <symbol id="sm-457">
         <name>__TI_dtors_ptr</name>
         <value>0x211c</value>
         <object_component_ref idref="oc-399"/>
      </symbol>
      <symbol id="sm-458">
         <name>__TI_cleanup_ptr</name>
         <value>0x2118</value>
         <object_component_ref idref="oc-39c"/>
      </symbol>
      <symbol id="sm-465">
         <name>_system_pre_init</name>
         <value>0xd860</value>
         <object_component_ref idref="oc-2d3"/>
      </symbol>
      <symbol id="sm-46e">
         <name>_system_post_cinit</name>
         <value>0xd866</value>
         <object_component_ref idref="oc-3a4"/>
      </symbol>
      <symbol id="sm-47f">
         <name>__TI_decompress_none</name>
         <value>0xd464</value>
         <object_component_ref idref="oc-6e"/>
      </symbol>
      <symbol id="sm-4a0">
         <name>__TI_decompress_lzss</name>
         <value>0xc78e</value>
         <object_component_ref idref="oc-68"/>
      </symbol>
      <symbol id="sm-4c8">
         <name>C$$EXIT</name>
         <value>0xd856</value>
         <object_component_ref idref="oc-32c"/>
      </symbol>
      <symbol id="sm-4c9">
         <name>abort</name>
         <value>0xd856</value>
         <object_component_ref idref="oc-32c"/>
      </symbol>
      <symbol id="sm-4ca">
         <name>__TI_enable_exit_profile_output</name>
         <value>0x212a</value>
         <object_component_ref idref="oc-393"/>
      </symbol>
      <symbol id="sm-4cb">
         <name>exit</name>
         <value>0xd256</value>
         <object_component_ref idref="oc-332"/>
      </symbol>
      <symbol id="sm-4e1">
         <name>_nop</name>
         <value>0xd864</value>
         <object_component_ref idref="oc-3fa"/>
      </symbol>
      <symbol id="sm-4e2">
         <name>_lock</name>
         <value>0x2120</value>
         <object_component_ref idref="oc-396"/>
      </symbol>
      <symbol id="sm-4e3">
         <name>_unlock</name>
         <value>0x2124</value>
         <object_component_ref idref="oc-39f"/>
      </symbol>
      <symbol id="sm-4f7">
         <name>__TI_tmpnams</name>
         <value>0x224e</value>
      </symbol>
      <symbol id="sm-4f8">
         <name>_ftable</name>
         <value>0x2078</value>
         <object_component_ref idref="oc-3c5"/>
      </symbol>
      <symbol id="sm-4f9">
         <name>__TI_ft_end</name>
         <value>0x2128</value>
         <object_component_ref idref="oc-533"/>
      </symbol>
      <symbol id="sm-508">
         <name>memccpy</name>
         <value>0xd692</value>
         <object_component_ref idref="oc-49b"/>
      </symbol>
      <symbol id="sm-517">
         <name>memchr</name>
         <value>0xd786</value>
         <object_component_ref idref="oc-47c"/>
      </symbol>
      <symbol id="sm-525">
         <name>memcpy</name>
         <value>0xd7e6</value>
         <object_component_ref idref="oc-41e"/>
      </symbol>
      <symbol id="sm-5a3">
         <name>_sys_memory</name>
         <value>0x22fc</value>
         <object_component_ref idref="oc-263"/>
      </symbol>
      <symbol id="sm-5a4">
         <name>free</name>
         <value>0xca3c</value>
         <object_component_ref idref="oc-4e4"/>
      </symbol>
      <symbol id="sm-5a5">
         <name>memalign</name>
         <value>0xc69e</value>
         <object_component_ref idref="oc-526"/>
      </symbol>
      <symbol id="sm-5a6">
         <name>malloc</name>
         <value>0xd848</value>
         <object_component_ref idref="oc-4ea"/>
      </symbol>
      <symbol id="sm-5a7">
         <name>aligned_alloc</name>
         <value>0xc69e</value>
         <object_component_ref idref="oc-526"/>
      </symbol>
      <symbol id="sm-5b5">
         <name>memset</name>
         <value>0xd79a</value>
         <object_component_ref idref="oc-48e"/>
      </symbol>
      <symbol id="sm-5c4">
         <name>strchr</name>
         <value>0xd70e</value>
         <object_component_ref idref="oc-5d6"/>
      </symbol>
      <symbol id="sm-5d1">
         <name>strlen</name>
         <value>0xd816</value>
         <object_component_ref idref="oc-43d"/>
      </symbol>
      <symbol id="sm-5e5">
         <name>__TI_doflush</name>
         <value>0xd098</value>
         <object_component_ref idref="oc-482"/>
      </symbol>
      <symbol id="sm-5f1">
         <name>__TI_cleanup</name>
         <value>0xd4d8</value>
         <object_component_ref idref="oc-4f0"/>
      </symbol>
      <symbol id="sm-606">
         <name>fseeko</name>
         <value>0xcefa</value>
         <object_component_ref idref="oc-4b0"/>
      </symbol>
      <symbol id="sm-607">
         <name>fseek</name>
         <value>0xcefa</value>
         <object_component_ref idref="oc-4b0"/>
      </symbol>
      <symbol id="sm-614">
         <name>__memcpy_far</name>
         <value>0xd368</value>
         <object_component_ref idref="oc-271"/>
      </symbol>
      <symbol id="sm-61c">
         <name>__mspabi_slll_9</name>
         <value>0xd43e</value>
         <object_component_ref idref="oc-5c1"/>
      </symbol>
      <symbol id="sm-61d">
         <name>__mspabi_slll_8</name>
         <value>0xd442</value>
         <object_component_ref idref="oc-5c1"/>
      </symbol>
      <symbol id="sm-61e">
         <name>__mspabi_slll_7</name>
         <value>0xd446</value>
         <object_component_ref idref="oc-5c1"/>
      </symbol>
      <symbol id="sm-61f">
         <name>__mspabi_slll_6</name>
         <value>0xd44a</value>
         <object_component_ref idref="oc-5c1"/>
      </symbol>
      <symbol id="sm-620">
         <name>__mspabi_slll_5</name>
         <value>0xd44e</value>
         <object_component_ref idref="oc-5c1"/>
      </symbol>
      <symbol id="sm-621">
         <name>__mspabi_slll_4</name>
         <value>0xd452</value>
         <object_component_ref idref="oc-5c1"/>
      </symbol>
      <symbol id="sm-622">
         <name>__mspabi_slll_3</name>
         <value>0xd456</value>
         <object_component_ref idref="oc-5c1"/>
      </symbol>
      <symbol id="sm-623">
         <name>__mspabi_slll_2</name>
         <value>0xd45a</value>
         <object_component_ref idref="oc-5c1"/>
      </symbol>
      <symbol id="sm-624">
         <name>__mspabi_slll_1</name>
         <value>0xd45e</value>
         <object_component_ref idref="oc-5c1"/>
      </symbol>
      <symbol id="sm-625">
         <name>__mspabi_slll_15</name>
         <value>0xd426</value>
         <object_component_ref idref="oc-5c1"/>
      </symbol>
      <symbol id="sm-626">
         <name>__mspabi_slll_14</name>
         <value>0xd42a</value>
         <object_component_ref idref="oc-5c1"/>
      </symbol>
      <symbol id="sm-627">
         <name>__mspabi_slll_13</name>
         <value>0xd42e</value>
         <object_component_ref idref="oc-5c1"/>
      </symbol>
      <symbol id="sm-628">
         <name>__mspabi_slll_12</name>
         <value>0xd432</value>
         <object_component_ref idref="oc-5c1"/>
      </symbol>
      <symbol id="sm-629">
         <name>__mspabi_slll_11</name>
         <value>0xd436</value>
         <object_component_ref idref="oc-5c1"/>
      </symbol>
      <symbol id="sm-62a">
         <name>__mspabi_slll_10</name>
         <value>0xd43a</value>
         <object_component_ref idref="oc-5c1"/>
      </symbol>
      <symbol id="sm-64a">
         <name>lseek</name>
         <value>0xd66c</value>
         <object_component_ref idref="oc-4d7"/>
      </symbol>
      <symbol id="sm-65b">
         <name>__TI_closefile</name>
         <value>0xcf64</value>
         <object_component_ref idref="oc-52d"/>
      </symbol>
      <symbol id="sm-67f">
         <name>finddevice</name>
         <value>0xd56a</value>
         <object_component_ref idref="oc-5e2"/>
      </symbol>
      <symbol id="sm-680">
         <name>getdevice</name>
         <value>0xd1b8</value>
         <object_component_ref idref="oc-5a1"/>
      </symbol>
      <symbol id="sm-690">
         <name>strcmp</name>
         <value>0xd758</value>
         <object_component_ref idref="oc-60c"/>
      </symbol>
      <symbol id="sm-6a0">
         <name>strncpy</name>
         <value>0xd5c4</value>
         <object_component_ref idref="oc-5dc"/>
      </symbol>
      <symbol id="sm-6af">
         <name>_stream</name>
         <value>0x20f0</value>
         <object_component_ref idref="oc-50d"/>
      </symbol>
      <symbol id="sm-6b0">
         <name>_device</name>
         <value>0x2000</value>
         <object_component_ref idref="oc-53e"/>
      </symbol>
      <symbol id="sm-6c3">
         <name>close</name>
         <value>0xd20c</value>
         <object_component_ref idref="oc-55a"/>
      </symbol>
      <symbol id="sm-6d0">
         <name>unlink</name>
         <value>0xd61a</value>
         <object_component_ref idref="oc-561"/>
      </symbol>
      <symbol id="sm-6dc">
         <name>HOSTclose</name>
         <value>0xd29e</value>
         <object_component_ref idref="oc-571"/>
      </symbol>
      <symbol id="sm-6e8">
         <name>HOSTlseek</name>
         <value>0xcd2a</value>
         <object_component_ref idref="oc-583"/>
      </symbol>
      <symbol id="sm-6f6">
         <name>parmbuf</name>
         <value>0x22ee</value>
      </symbol>
      <symbol id="sm-6f7">
         <name>HOSTopen</name>
         <value>0xd034</value>
         <object_component_ref idref="oc-56b"/>
      </symbol>
      <symbol id="sm-704">
         <name>HOSTread</name>
         <value>0xd15a</value>
         <object_component_ref idref="oc-577"/>
      </symbol>
      <symbol id="sm-710">
         <name>HOSTrename</name>
         <value>0xce26</value>
         <object_component_ref idref="oc-58f"/>
      </symbol>
      <symbol id="sm-71c">
         <name>HOSTunlink</name>
         <value>0xd2e4</value>
         <object_component_ref idref="oc-589"/>
      </symbol>
      <symbol id="sm-729">
         <name>HOSTwrite</name>
         <value>0xd0fa</value>
         <object_component_ref idref="oc-57d"/>
      </symbol>
      <symbol id="sm-747">
         <name>__TI_readmsg</name>
         <value>0xd598</value>
         <object_component_ref idref="oc-5b4"/>
      </symbol>
      <symbol id="sm-748">
         <name>C$$IO$$</name>
         <value>0xd566</value>
         <object_component_ref idref="oc-5ae"/>
      </symbol>
      <symbol id="sm-749">
         <name>_CIOBUF_</name>
         <value>0x212e</value>
         <object_component_ref idref="oc-5f3"/>
      </symbol>
      <symbol id="sm-74a">
         <name>__TI_writemsg</name>
         <value>0xd53c</value>
         <object_component_ref idref="oc-5ae"/>
      </symbol>
      <symbol id="sm-757">
         <name>strcpy</name>
         <value>0xd7f8</value>
         <object_component_ref idref="oc-5ca"/>
      </symbol>
      <symbol id="sm-75b">
         <name>remove</name>
         <value>0xd61a</value>
      </symbol>
   </symbol_table>
   <title>Link successful</title>
</link_info>
